Python used: /mnt/home/wangx306/conda3/envs/petlsenv/bin/python
Numpy version: 2.3.4
Loaded data: GSE45719
X_raw shape: (300, 22431) y shape: (300,)

Loading PSL features for scale=5, k=5, alpha=0.01 ...
[load merged] ./psl_eigs/GSE45719/GSE45719_distchordal_scale5_k5_pca50_umap15_meteuc_md0p4_normmax_f10_patsegments_linear_d0-1_rips2_sigauto_alpha0p01_ALLcells_psl.npy
Block shape (scale=5, k=5): (300, 100), dims_use=(0, 1)

Loading PSL features for scale=5, k=10, alpha=0.01 ...
[load merged] ./psl_eigs/GSE45719/GSE45719_distchordal_scale5_k10_pca50_umap15_meteuc_md0p4_normmax_f10_patsegments_linear_d0-1_rips2_sigauto_alpha0p01_ALLcells_psl.npy
Block shape (scale=5, k=10): (300, 100), dims_use=(0, 1)

Loading PSL features for scale=5, k=15, alpha=0.01 ...
[load merged] ./psl_eigs/GSE45719/GSE45719_distchordal_scale5_k15_pca50_umap15_meteuc_md0p4_normmax_f10_patsegments_linear_d0-1_rips2_sigauto_alpha0p01_ALLcells_psl.npy
Block shape (scale=5, k=15): (300, 100), dims_use=(0, 1)

Loading PSL features for scale=5, k=20, alpha=0.01 ...
[load merged] ./psl_eigs/GSE45719/GSE45719_distchordal_scale5_k20_pca50_umap15_meteuc_md0p4_normmax_f10_patsegments_linear_d0-1_rips2_sigauto_alpha0p01_ALLcells_psl.npy
Block shape (scale=5, k=20): (300, 100), dims_use=(0, 1)

Loading PSL features for scale=5, k=30, alpha=0.01 ...
[load merged] ./psl_eigs/GSE45719/GSE45719_distchordal_scale5_k30_pca50_umap15_meteuc_md0p4_normmax_f10_patsegments_linear_d0-1_rips2_sigauto_alpha0p01_ALLcells_psl.npy
Block shape (scale=5, k=30): (300, 100), dims_use=(0, 1)

Loading PSL features for scale=5, k=50, alpha=0.01 ...
[load merged] ./psl_eigs/GSE45719/GSE45719_distchordal_scale5_k50_pca50_umap15_meteuc_md0p4_normmax_f10_patsegments_linear_d0-1_rips2_sigauto_alpha0p01_ALLcells_psl.npy
Block shape (scale=5, k=50): (300, 100), dims_use=(0, 1)

Loading PSL features for scale=5, k=70, alpha=0.01 ...
[load merged] ./psl_eigs/GSE45719/GSE45719_distchordal_scale5_k70_pca50_umap15_meteuc_md0p4_normmax_f10_patsegments_linear_d0-1_rips2_sigauto_alpha0p01_ALLcells_psl.npy
Block shape (scale=5, k=70): (300, 100), dims_use=(0, 1)

Loading PSL features for scale=5, k=80, alpha=0.01 ...
[load merged] ./psl_eigs/GSE45719/GSE45719_distchordal_scale5_k80_pca50_umap15_meteuc_md0p4_normmax_f10_patsegments_linear_d0-1_rips2_sigauto_alpha0p01_ALLcells_psl.npy
Block shape (scale=5, k=80): (300, 100), dims_use=(0, 1)

Loading PSL features for scale=14, k=5, alpha=0.01 ...
[load merged] ./psl_eigs/GSE45719/GSE45719_distchordal_scale14_k5_pca50_umap15_meteuc_md0p4_normmax_f10_patsegments_linear_d0-1_rips2_sigauto_alpha0p01_ALLcells_psl.npy
Block shape (scale=14, k=5): (300, 100), dims_use=(0, 1)

Loading PSL features for scale=14, k=10, alpha=0.01 ...
[load merged] ./psl_eigs/GSE45719/GSE45719_distchordal_scale14_k10_pca50_umap15_meteuc_md0p4_normmax_f10_patsegments_linear_d0-1_rips2_sigauto_alpha0p01_ALLcells_psl.npy
Block shape (scale=14, k=10): (300, 100), dims_use=(0, 1)

Loading PSL features for scale=14, k=15, alpha=0.01 ...
[load merged] ./psl_eigs/GSE45719/GSE45719_distchordal_scale14_k15_pca50_umap15_meteuc_md0p4_normmax_f10_patsegments_linear_d0-1_rips2_sigauto_alpha0p01_ALLcells_psl.npy
Block shape (scale=14, k=15): (300, 100), dims_use=(0, 1)

Loading PSL features for scale=14, k=20, alpha=0.01 ...
[load merged] ./psl_eigs/GSE45719/GSE45719_distchordal_scale14_k20_pca50_umap15_meteuc_md0p4_normmax_f10_patsegments_linear_d0-1_rips2_sigauto_alpha0p01_ALLcells_psl.npy
Block shape (scale=14, k=20): (300, 100), dims_use=(0, 1)

Loading PSL features for scale=14, k=30, alpha=0.01 ...
[load merged] ./psl_eigs/GSE45719/GSE45719_distchordal_scale14_k30_pca50_umap15_meteuc_md0p4_normmax_f10_patsegments_linear_d0-1_rips2_sigauto_alpha0p01_ALLcells_psl.npy
Block shape (scale=14, k=30): (300, 100), dims_use=(0, 1)

Loading PSL features for scale=14, k=50, alpha=0.01 ...
[load merged] ./psl_eigs/GSE45719/GSE45719_distchordal_scale14_k50_pca50_umap15_meteuc_md0p4_normmax_f10_patsegments_linear_d0-1_rips2_sigauto_alpha0p01_ALLcells_psl.npy
Block shape (scale=14, k=50): (300, 100), dims_use=(0, 1)

Loading PSL features for scale=14, k=70, alpha=0.01 ...
[load merged] ./psl_eigs/GSE45719/GSE45719_distchordal_scale14_k70_pca50_umap15_meteuc_md0p4_normmax_f10_patsegments_linear_d0-1_rips2_sigauto_alpha0p01_ALLcells_psl.npy
Block shape (scale=14, k=70): (300, 100), dims_use=(0, 1)

Loading PSL features for scale=14, k=80, alpha=0.01 ...
[load merged] ./psl_eigs/GSE45719/GSE45719_distchordal_scale14_k80_pca50_umap15_meteuc_md0p4_normmax_f10_patsegments_linear_d0-1_rips2_sigauto_alpha0p01_ALLcells_psl.npy
Block shape (scale=14, k=80): (300, 100), dims_use=(0, 1)

Loading PSL features for scale=25, k=5, alpha=0.01 ...
[load merged] ./psl_eigs/GSE45719/GSE45719_distchordal_scale25_k5_pca50_umap15_meteuc_md0p4_normmax_f10_patsegments_linear_d0-1_rips2_sigauto_alpha0p01_ALLcells_psl.npy
Block shape (scale=25, k=5): (300, 100), dims_use=(0, 1)

Loading PSL features for scale=25, k=10, alpha=0.01 ...
[load merged] ./psl_eigs/GSE45719/GSE45719_distchordal_scale25_k10_pca50_umap15_meteuc_md0p4_normmax_f10_patsegments_linear_d0-1_rips2_sigauto_alpha0p01_ALLcells_psl.npy
Block shape (scale=25, k=10): (300, 100), dims_use=(0, 1)

Loading PSL features for scale=25, k=15, alpha=0.01 ...
[load merged] ./psl_eigs/GSE45719/GSE45719_distchordal_scale25_k15_pca50_umap15_meteuc_md0p4_normmax_f10_patsegments_linear_d0-1_rips2_sigauto_alpha0p01_ALLcells_psl.npy
Block shape (scale=25, k=15): (300, 100), dims_use=(0, 1)

Loading PSL features for scale=25, k=20, alpha=0.01 ...
[load merged] ./psl_eigs/GSE45719/GSE45719_distchordal_scale25_k20_pca50_umap15_meteuc_md0p4_normmax_f10_patsegments_linear_d0-1_rips2_sigauto_alpha0p01_ALLcells_psl.npy
Block shape (scale=25, k=20): (300, 100), dims_use=(0, 1)

Loading PSL features for scale=25, k=30, alpha=0.01 ...
[load merged] ./psl_eigs/GSE45719/GSE45719_distchordal_scale25_k30_pca50_umap15_meteuc_md0p4_normmax_f10_patsegments_linear_d0-1_rips2_sigauto_alpha0p01_ALLcells_psl.npy
Block shape (scale=25, k=30): (300, 100), dims_use=(0, 1)

Loading PSL features for scale=25, k=50, alpha=0.01 ...
[load merged] ./psl_eigs/GSE45719/GSE45719_distchordal_scale25_k50_pca50_umap15_meteuc_md0p4_normmax_f10_patsegments_linear_d0-1_rips2_sigauto_alpha0p01_ALLcells_psl.npy
Block shape (scale=25, k=50): (300, 100), dims_use=(0, 1)

Loading PSL features for scale=25, k=70, alpha=0.01 ...
[load merged] ./psl_eigs/GSE45719/GSE45719_distchordal_scale25_k70_pca50_umap15_meteuc_md0p4_normmax_f10_patsegments_linear_d0-1_rips2_sigauto_alpha0p01_ALLcells_psl.npy
Block shape (scale=25, k=70): (300, 100), dims_use=(0, 1)

Loading PSL features for scale=25, k=80, alpha=0.01 ...
[load merged] ./psl_eigs/GSE45719/GSE45719_distchordal_scale25_k80_pca50_umap15_meteuc_md0p4_normmax_f10_patsegments_linear_d0-1_rips2_sigauto_alpha0p01_ALLcells_psl.npy
Block shape (scale=25, k=80): (300, 100), dims_use=(0, 1)

Loading PSL features for scale=37, k=5, alpha=0.01 ...
[load merged] ./psl_eigs/GSE45719/GSE45719_distchordal_scale37_k5_pca50_umap15_meteuc_md0p4_normmax_f10_patsegments_linear_d0-1_rips2_sigauto_alpha0p01_ALLcells_psl.npy
Block shape (scale=37, k=5): (300, 100), dims_use=(0, 1)

Loading PSL features for scale=37, k=10, alpha=0.01 ...
[load merged] ./psl_eigs/GSE45719/GSE45719_distchordal_scale37_k10_pca50_umap15_meteuc_md0p4_normmax_f10_patsegments_linear_d0-1_rips2_sigauto_alpha0p01_ALLcells_psl.npy
Block shape (scale=37, k=10): (300, 100), dims_use=(0, 1)

Loading PSL features for scale=37, k=15, alpha=0.01 ...
[load merged] ./psl_eigs/GSE45719/GSE45719_distchordal_scale37_k15_pca50_umap15_meteuc_md0p4_normmax_f10_patsegments_linear_d0-1_rips2_sigauto_alpha0p01_ALLcells_psl.npy
Block shape (scale=37, k=15): (300, 100), dims_use=(0, 1)

Loading PSL features for scale=37, k=20, alpha=0.01 ...
[load merged] ./psl_eigs/GSE45719/GSE45719_distchordal_scale37_k20_pca50_umap15_meteuc_md0p4_normmax_f10_patsegments_linear_d0-1_rips2_sigauto_alpha0p01_ALLcells_psl.npy
Block shape (scale=37, k=20): (300, 100), dims_use=(0, 1)

Loading PSL features for scale=37, k=30, alpha=0.01 ...
[load merged] ./psl_eigs/GSE45719/GSE45719_distchordal_scale37_k30_pca50_umap15_meteuc_md0p4_normmax_f10_patsegments_linear_d0-1_rips2_sigauto_alpha0p01_ALLcells_psl.npy
Block shape (scale=37, k=30): (300, 100), dims_use=(0, 1)

Loading PSL features for scale=37, k=50, alpha=0.01 ...
[load merged] ./psl_eigs/GSE45719/GSE45719_distchordal_scale37_k50_pca50_umap15_meteuc_md0p4_normmax_f10_patsegments_linear_d0-1_rips2_sigauto_alpha0p01_ALLcells_psl.npy
Block shape (scale=37, k=50): (300, 100), dims_use=(0, 1)

Loading PSL features for scale=37, k=70, alpha=0.01 ...
[load merged] ./psl_eigs/GSE45719/GSE45719_distchordal_scale37_k70_pca50_umap15_meteuc_md0p4_normmax_f10_patsegments_linear_d0-1_rips2_sigauto_alpha0p01_ALLcells_psl.npy
Block shape (scale=37, k=70): (300, 100), dims_use=(0, 1)

Loading PSL features for scale=37, k=80, alpha=0.01 ...
[load merged] ./psl_eigs/GSE45719/GSE45719_distchordal_scale37_k80_pca50_umap15_meteuc_md0p4_normmax_f10_patsegments_linear_d0-1_rips2_sigauto_alpha0p01_ALLcells_psl.npy
Block shape (scale=37, k=80): (300, 100), dims_use=(0, 1)

Loading PSL features for scale=50, k=5, alpha=0.01 ...
[load merged] ./psl_eigs/GSE45719/GSE45719_distchordal_scale50_k5_pca50_umap15_meteuc_md0p4_normmax_f10_patsegments_linear_d0-1_rips2_sigauto_alpha0p01_ALLcells_psl.npy
Block shape (scale=50, k=5): (300, 100), dims_use=(0, 1)

Loading PSL features for scale=50, k=10, alpha=0.01 ...
[load merged] ./psl_eigs/GSE45719/GSE45719_distchordal_scale50_k10_pca50_umap15_meteuc_md0p4_normmax_f10_patsegments_linear_d0-1_rips2_sigauto_alpha0p01_ALLcells_psl.npy
Block shape (scale=50, k=10): (300, 100), dims_use=(0, 1)

Loading PSL features for scale=50, k=15, alpha=0.01 ...
[load merged] ./psl_eigs/GSE45719/GSE45719_distchordal_scale50_k15_pca50_umap15_meteuc_md0p4_normmax_f10_patsegments_linear_d0-1_rips2_sigauto_alpha0p01_ALLcells_psl.npy
Block shape (scale=50, k=15): (300, 100), dims_use=(0, 1)

Loading PSL features for scale=50, k=20, alpha=0.01 ...
[load merged] ./psl_eigs/GSE45719/GSE45719_distchordal_scale50_k20_pca50_umap15_meteuc_md0p4_normmax_f10_patsegments_linear_d0-1_rips2_sigauto_alpha0p01_ALLcells_psl.npy
Block shape (scale=50, k=20): (300, 100), dims_use=(0, 1)

Loading PSL features for scale=50, k=30, alpha=0.01 ...
[load merged] ./psl_eigs/GSE45719/GSE45719_distchordal_scale50_k30_pca50_umap15_meteuc_md0p4_normmax_f10_patsegments_linear_d0-1_rips2_sigauto_alpha0p01_ALLcells_psl.npy
Block shape (scale=50, k=30): (300, 100), dims_use=(0, 1)

Loading PSL features for scale=50, k=50, alpha=0.01 ...
[load merged] ./psl_eigs/GSE45719/GSE45719_distchordal_scale50_k50_pca50_umap15_meteuc_md0p4_normmax_f10_patsegments_linear_d0-1_rips2_sigauto_alpha0p01_ALLcells_psl.npy
Block shape (scale=50, k=50): (300, 100), dims_use=(0, 1)

Loading PSL features for scale=50, k=70, alpha=0.01 ...
[load merged] ./psl_eigs/GSE45719/GSE45719_distchordal_scale50_k70_pca50_umap15_meteuc_md0p4_normmax_f10_patsegments_linear_d0-1_rips2_sigauto_alpha0p01_ALLcells_psl.npy
Block shape (scale=50, k=70): (300, 100), dims_use=(0, 1)

Loading PSL features for scale=50, k=80, alpha=0.01 ...
[load merged] ./psl_eigs/GSE45719/GSE45719_distchordal_scale50_k80_pca50_umap15_meteuc_md0p4_normmax_f10_patsegments_linear_d0-1_rips2_sigauto_alpha0p01_ALLcells_psl.npy
Block shape (scale=50, k=80): (300, 100), dims_use=(0, 1)

Final PSL feature matrix shape: (300, 4000)
Unique classes: [0 1 2 3 4 5 6 7]

=== Fold 1/5 ===
Fold 1 balanced acc:     0.9640
Fold 1 accuracy:         0.9643
Fold 1 macro F1:         0.9600
Fold 1 weighted F1:      0.9644
Fold 1 macro recall:     0.9640
Fold 1 MCC:              0.9577
Fold 1 Macro-AUC (OVR):  0.9956
Fold classification report:
              precision    recall  f1-score   support

           0       1.00      1.00      1.00        11
           1       0.88      1.00      0.93         7
           3       1.00      0.91      0.95        11
           4       1.00      1.00      1.00        11
           6       0.89      1.00      0.94         8
           7       1.00      0.88      0.93         8

    accuracy                           0.96        56
   macro avg       0.96      0.96      0.96        56
weighted avg       0.97      0.96      0.96        56


=== Fold 2/5 ===
Fold 2 balanced acc:     0.9114
Fold 2 accuracy:         0.9123
Fold 2 macro F1:         0.9118
Fold 2 weighted F1:      0.9117
Fold 2 macro recall:     0.9114
Fold 2 MCC:              0.8944
Fold 2 Macro-AUC (OVR):  0.9719
Fold classification report:
              precision    recall  f1-score   support

           0       0.89      1.00      0.94         8
           1       1.00      0.86      0.92         7
           3       0.89      1.00      0.94         8
           4       1.00      0.78      0.88         9
           6       0.82      0.90      0.86        10
           7       0.93      0.93      0.93        15

    accuracy                           0.91        57
   macro avg       0.92      0.91      0.91        57
weighted avg       0.92      0.91      0.91        57


=== Fold 3/5 ===
Fold 3 balanced acc:     0.9508
Fold 3 accuracy:         0.9474
Fold 3 macro F1:         0.9503
Fold 3 weighted F1:      0.9480
Fold 3 macro recall:     0.9508
Fold 3 MCC:              0.9361
Fold 3 Macro-AUC (OVR):  0.9971
Fold classification report:
              precision    recall  f1-score   support

           0       1.00      1.00      1.00         4
           1       1.00      0.88      0.93         8
           3       0.85      1.00      0.92        11
           4       1.00      0.94      0.97        17
           6       0.89      1.00      0.94         8
           7       1.00      0.89      0.94         9

    accuracy                           0.95        57
   macro avg       0.96      0.95      0.95        57
weighted avg       0.95      0.95      0.95        57


=== Fold 4/5 ===
Fold 4 balanced acc:     0.8833
Fold 4 accuracy:         0.8793
Fold 4 macro F1:         0.8831
Fold 4 weighted F1:      0.8819
Fold 4 macro recall:     0.8833
Fold 4 MCC:              0.8578
Fold 4 Macro-AUC (OVR):  0.9832
Fold classification report:
              precision    recall  f1-score   support

           0       1.00      1.00      1.00         7
           1       1.00      0.83      0.91         6
           3       0.86      0.75      0.80         8
           4       0.83      0.91      0.87        11
           5       1.00      1.00      1.00         6
           6       0.62      0.83      0.71         6
           7       0.92      0.86      0.89        14

    accuracy                           0.88        58
   macro avg       0.89      0.88      0.88        58
weighted avg       0.89      0.88      0.88        58


=== Fold 5/5 ===
Fold 5 balanced acc:     0.9818
Fold 5 accuracy:         0.9808
Fold 5 macro F1:         0.9836
Fold 5 weighted F1:      0.9806
Fold 5 macro recall:     0.9818
Fold 5 MCC:              0.9761
Fold 5 Macro-AUC (OVR):  0.9988
Fold classification report:
              precision    recall  f1-score   support

           0       1.00      1.00      1.00         8
           3       1.00      1.00      1.00         9
           4       1.00      1.00      1.00        10
           6       1.00      0.91      0.95        11
           7       0.93      1.00      0.97        14

    accuracy                           0.98        52
   macro avg       0.99      0.98      0.98        52
weighted avg       0.98      0.98      0.98        52


===== 5-fold Cross-Validation Summary =====
Balanced Accuracy:  0.9383 ± 0.0360
Accuracy:           0.9368 ± 0.0366
Macro F1:           0.9378 ± 0.0358
Weighted F1:        0.9373 ± 0.0359
Macro recall:       0.9383 ± 0.0360
MCC:                0.9244 ± 0.0430
Macro-AUC (OVR):    0.9893 ± 0.0103

Average confusion matrix over folds (rows=true, cols=pred):
[[ 7.6  0.   0.   0.   0.   0.   0.   0. ]
 [ 0.   5.   0.   0.2  0.   0.   0.4  0. ]
 [ 0.   0.   0.   0.   0.   0.   0.   0. ]
 [ 0.   0.   0.   8.8  0.4  0.   0.2  0. ]
 [ 0.2  0.   0.   0.6 10.8  0.   0.   0. ]
 [ 0.   0.   0.   0.   0.   1.2  0.   0. ]
 [ 0.   0.   0.   0.   0.   0.   8.   0.6]
 [ 0.   0.2  0.   0.   0.   0.   0.8 11. ]]

===== Parameter Summary for This Run =====

--- PSL / Geometry Parameters ---
DATA_NAME            = GSE45719
PCA_N_COMPONENTS     = 50
UMAP_N_COMPONENTS    = 15
UMAP_METRIC          = euclidean
UMAP_MIN_DIST        = 0.4
NORMALIZE_METHOD     = max
N_FILTRATIONS        = 10
FILTRATION_PATTERN   = segments_linear
PSL_DIMS             = (0, 1)
RIPS_MAX_DIM         = 2
PSL_SIGMA            = None
SCALES (list)        = [5, 14, 25, 37, 50]
K_LIST               = [5, 10, 15, 20, 30, 50, 70, 80]
DIMS_USE             = (0, 1)
STATS_PER_DIM        = {0: [0, 1, 2, 3, 4], 1: [0, 1, 2, 3, 4]}
DIST_TAG             = chordal
ALPHA                = 0.01

--- Gradient Boosting (GBDT) Parameters ---
ccp_alpha            = 0.0
criterion            = friedman_mse
init                 = None
learning_rate        = 0.002
loss                 = log_loss
max_depth            = 7
max_features         = sqrt
max_leaf_nodes       = None
min_impurity_decrease = 0.0
min_samples_leaf     = 1
min_samples_split    = 5
min_weight_fraction_leaf = 0.0
n_estimators         = 2000
n_iter_no_change     = None
random_state         = 0
subsample            = 0.8
tol                  = 0.0001
validation_fraction  = 0.1
verbose              = 0
warm_start           = False
