Python used: /mnt/home/wangx306/conda3/envs/petlsenv/bin/python
Numpy version: 2.3.4
Loaded data: GSE82187
X_raw shape: (705, 18840) y shape: (705,)

Loading PSL features for scale=5, k=5, alpha=0.01 ...
[load merged] ./psl_eigs/GSE82187/GSE82187_distchordal_scale5_k5_pca50_umap20_meteuc_md0p4_normmax_f10_patsegments_linear_d0-1_rips2_sigauto_alpha0p01_ALLcells_psl.npy
Block shape (scale=5, k=5): (705, 100), dims_use=(0, 1)

Loading PSL features for scale=5, k=10, alpha=0.01 ...
[load merged] ./psl_eigs/GSE82187/GSE82187_distchordal_scale5_k10_pca50_umap20_meteuc_md0p4_normmax_f10_patsegments_linear_d0-1_rips2_sigauto_alpha0p01_ALLcells_psl.npy
Block shape (scale=5, k=10): (705, 100), dims_use=(0, 1)

Loading PSL features for scale=5, k=15, alpha=0.01 ...
[load merged] ./psl_eigs/GSE82187/GSE82187_distchordal_scale5_k15_pca50_umap20_meteuc_md0p4_normmax_f10_patsegments_linear_d0-1_rips2_sigauto_alpha0p01_ALLcells_psl.npy
Block shape (scale=5, k=15): (705, 100), dims_use=(0, 1)

Loading PSL features for scale=5, k=20, alpha=0.01 ...
[load merged] ./psl_eigs/GSE82187/GSE82187_distchordal_scale5_k20_pca50_umap20_meteuc_md0p4_normmax_f10_patsegments_linear_d0-1_rips2_sigauto_alpha0p01_ALLcells_psl.npy
Block shape (scale=5, k=20): (705, 100), dims_use=(0, 1)

Loading PSL features for scale=5, k=30, alpha=0.01 ...
[load merged] ./psl_eigs/GSE82187/GSE82187_distchordal_scale5_k30_pca50_umap20_meteuc_md0p4_normmax_f10_patsegments_linear_d0-1_rips2_sigauto_alpha0p01_ALLcells_psl.npy
Block shape (scale=5, k=30): (705, 100), dims_use=(0, 1)

Loading PSL features for scale=5, k=40, alpha=0.01 ...
[load merged] ./psl_eigs/GSE82187/GSE82187_distchordal_scale5_k40_pca50_umap20_meteuc_md0p4_normmax_f10_patsegments_linear_d0-1_rips2_sigauto_alpha0p01_ALLcells_psl.npy
Block shape (scale=5, k=40): (705, 100), dims_use=(0, 1)

Loading PSL features for scale=5, k=50, alpha=0.01 ...
[load merged] ./psl_eigs/GSE82187/GSE82187_distchordal_scale5_k50_pca50_umap20_meteuc_md0p4_normmax_f10_patsegments_linear_d0-1_rips2_sigauto_alpha0p01_ALLcells_psl.npy
Block shape (scale=5, k=50): (705, 100), dims_use=(0, 1)

Loading PSL features for scale=5, k=60, alpha=0.01 ...
[load merged] ./psl_eigs/GSE82187/GSE82187_distchordal_scale5_k60_pca50_umap20_meteuc_md0p4_normmax_f10_patsegments_linear_d0-1_rips2_sigauto_alpha0p01_ALLcells_psl.npy
Block shape (scale=5, k=60): (705, 100), dims_use=(0, 1)

Loading PSL features for scale=5, k=70, alpha=0.01 ...
[load merged] ./psl_eigs/GSE82187/GSE82187_distchordal_scale5_k70_pca50_umap20_meteuc_md0p4_normmax_f10_patsegments_linear_d0-1_rips2_sigauto_alpha0p01_ALLcells_psl.npy
Block shape (scale=5, k=70): (705, 100), dims_use=(0, 1)

Loading PSL features for scale=5, k=80, alpha=0.01 ...
[load merged] ./psl_eigs/GSE82187/GSE82187_distchordal_scale5_k80_pca50_umap20_meteuc_md0p4_normmax_f10_patsegments_linear_d0-1_rips2_sigauto_alpha0p01_ALLcells_psl.npy
Block shape (scale=5, k=80): (705, 100), dims_use=(0, 1)

Loading PSL features for scale=14, k=5, alpha=0.01 ...
[load merged] ./psl_eigs/GSE82187/GSE82187_distchordal_scale14_k5_pca50_umap20_meteuc_md0p4_normmax_f10_patsegments_linear_d0-1_rips2_sigauto_alpha0p01_ALLcells_psl.npy
Block shape (scale=14, k=5): (705, 100), dims_use=(0, 1)

Loading PSL features for scale=14, k=10, alpha=0.01 ...
[load merged] ./psl_eigs/GSE82187/GSE82187_distchordal_scale14_k10_pca50_umap20_meteuc_md0p4_normmax_f10_patsegments_linear_d0-1_rips2_sigauto_alpha0p01_ALLcells_psl.npy
Block shape (scale=14, k=10): (705, 100), dims_use=(0, 1)

Loading PSL features for scale=14, k=15, alpha=0.01 ...
[load merged] ./psl_eigs/GSE82187/GSE82187_distchordal_scale14_k15_pca50_umap20_meteuc_md0p4_normmax_f10_patsegments_linear_d0-1_rips2_sigauto_alpha0p01_ALLcells_psl.npy
Block shape (scale=14, k=15): (705, 100), dims_use=(0, 1)

Loading PSL features for scale=14, k=20, alpha=0.01 ...
[load merged] ./psl_eigs/GSE82187/GSE82187_distchordal_scale14_k20_pca50_umap20_meteuc_md0p4_normmax_f10_patsegments_linear_d0-1_rips2_sigauto_alpha0p01_ALLcells_psl.npy
Block shape (scale=14, k=20): (705, 100), dims_use=(0, 1)

Loading PSL features for scale=14, k=30, alpha=0.01 ...
[load merged] ./psl_eigs/GSE82187/GSE82187_distchordal_scale14_k30_pca50_umap20_meteuc_md0p4_normmax_f10_patsegments_linear_d0-1_rips2_sigauto_alpha0p01_ALLcells_psl.npy
Block shape (scale=14, k=30): (705, 100), dims_use=(0, 1)

Loading PSL features for scale=14, k=40, alpha=0.01 ...
[load merged] ./psl_eigs/GSE82187/GSE82187_distchordal_scale14_k40_pca50_umap20_meteuc_md0p4_normmax_f10_patsegments_linear_d0-1_rips2_sigauto_alpha0p01_ALLcells_psl.npy
Block shape (scale=14, k=40): (705, 100), dims_use=(0, 1)

Loading PSL features for scale=14, k=50, alpha=0.01 ...
[load merged] ./psl_eigs/GSE82187/GSE82187_distchordal_scale14_k50_pca50_umap20_meteuc_md0p4_normmax_f10_patsegments_linear_d0-1_rips2_sigauto_alpha0p01_ALLcells_psl.npy
Block shape (scale=14, k=50): (705, 100), dims_use=(0, 1)

Loading PSL features for scale=14, k=60, alpha=0.01 ...
[load merged] ./psl_eigs/GSE82187/GSE82187_distchordal_scale14_k60_pca50_umap20_meteuc_md0p4_normmax_f10_patsegments_linear_d0-1_rips2_sigauto_alpha0p01_ALLcells_psl.npy
Block shape (scale=14, k=60): (705, 100), dims_use=(0, 1)

Loading PSL features for scale=14, k=70, alpha=0.01 ...
[load merged] ./psl_eigs/GSE82187/GSE82187_distchordal_scale14_k70_pca50_umap20_meteuc_md0p4_normmax_f10_patsegments_linear_d0-1_rips2_sigauto_alpha0p01_ALLcells_psl.npy
Block shape (scale=14, k=70): (705, 100), dims_use=(0, 1)

Loading PSL features for scale=14, k=80, alpha=0.01 ...
[load merged] ./psl_eigs/GSE82187/GSE82187_distchordal_scale14_k80_pca50_umap20_meteuc_md0p4_normmax_f10_patsegments_linear_d0-1_rips2_sigauto_alpha0p01_ALLcells_psl.npy
Block shape (scale=14, k=80): (705, 100), dims_use=(0, 1)

Loading PSL features for scale=25, k=5, alpha=0.01 ...
[load merged] ./psl_eigs/GSE82187/GSE82187_distchordal_scale25_k5_pca50_umap20_meteuc_md0p4_normmax_f10_patsegments_linear_d0-1_rips2_sigauto_alpha0p01_ALLcells_psl.npy
Block shape (scale=25, k=5): (705, 100), dims_use=(0, 1)

Loading PSL features for scale=25, k=10, alpha=0.01 ...
[load merged] ./psl_eigs/GSE82187/GSE82187_distchordal_scale25_k10_pca50_umap20_meteuc_md0p4_normmax_f10_patsegments_linear_d0-1_rips2_sigauto_alpha0p01_ALLcells_psl.npy
Block shape (scale=25, k=10): (705, 100), dims_use=(0, 1)

Loading PSL features for scale=25, k=15, alpha=0.01 ...
[load merged] ./psl_eigs/GSE82187/GSE82187_distchordal_scale25_k15_pca50_umap20_meteuc_md0p4_normmax_f10_patsegments_linear_d0-1_rips2_sigauto_alpha0p01_ALLcells_psl.npy
Block shape (scale=25, k=15): (705, 100), dims_use=(0, 1)

Loading PSL features for scale=25, k=20, alpha=0.01 ...
[load merged] ./psl_eigs/GSE82187/GSE82187_distchordal_scale25_k20_pca50_umap20_meteuc_md0p4_normmax_f10_patsegments_linear_d0-1_rips2_sigauto_alpha0p01_ALLcells_psl.npy
Block shape (scale=25, k=20): (705, 100), dims_use=(0, 1)

Loading PSL features for scale=25, k=30, alpha=0.01 ...
[load merged] ./psl_eigs/GSE82187/GSE82187_distchordal_scale25_k30_pca50_umap20_meteuc_md0p4_normmax_f10_patsegments_linear_d0-1_rips2_sigauto_alpha0p01_ALLcells_psl.npy
Block shape (scale=25, k=30): (705, 100), dims_use=(0, 1)

Loading PSL features for scale=25, k=40, alpha=0.01 ...
[load merged] ./psl_eigs/GSE82187/GSE82187_distchordal_scale25_k40_pca50_umap20_meteuc_md0p4_normmax_f10_patsegments_linear_d0-1_rips2_sigauto_alpha0p01_ALLcells_psl.npy
Block shape (scale=25, k=40): (705, 100), dims_use=(0, 1)

Loading PSL features for scale=25, k=50, alpha=0.01 ...
[load merged] ./psl_eigs/GSE82187/GSE82187_distchordal_scale25_k50_pca50_umap20_meteuc_md0p4_normmax_f10_patsegments_linear_d0-1_rips2_sigauto_alpha0p01_ALLcells_psl.npy
Block shape (scale=25, k=50): (705, 100), dims_use=(0, 1)

Loading PSL features for scale=25, k=60, alpha=0.01 ...
[load merged] ./psl_eigs/GSE82187/GSE82187_distchordal_scale25_k60_pca50_umap20_meteuc_md0p4_normmax_f10_patsegments_linear_d0-1_rips2_sigauto_alpha0p01_ALLcells_psl.npy
Block shape (scale=25, k=60): (705, 100), dims_use=(0, 1)

Loading PSL features for scale=25, k=70, alpha=0.01 ...
[load merged] ./psl_eigs/GSE82187/GSE82187_distchordal_scale25_k70_pca50_umap20_meteuc_md0p4_normmax_f10_patsegments_linear_d0-1_rips2_sigauto_alpha0p01_ALLcells_psl.npy
Block shape (scale=25, k=70): (705, 100), dims_use=(0, 1)

Loading PSL features for scale=25, k=80, alpha=0.01 ...
[load merged] ./psl_eigs/GSE82187/GSE82187_distchordal_scale25_k80_pca50_umap20_meteuc_md0p4_normmax_f10_patsegments_linear_d0-1_rips2_sigauto_alpha0p01_ALLcells_psl.npy
Block shape (scale=25, k=80): (705, 100), dims_use=(0, 1)

Loading PSL features for scale=37, k=5, alpha=0.01 ...
[load merged] ./psl_eigs/GSE82187/GSE82187_distchordal_scale37_k5_pca50_umap20_meteuc_md0p4_normmax_f10_patsegments_linear_d0-1_rips2_sigauto_alpha0p01_ALLcells_psl.npy
Block shape (scale=37, k=5): (705, 100), dims_use=(0, 1)

Loading PSL features for scale=37, k=10, alpha=0.01 ...
[load merged] ./psl_eigs/GSE82187/GSE82187_distchordal_scale37_k10_pca50_umap20_meteuc_md0p4_normmax_f10_patsegments_linear_d0-1_rips2_sigauto_alpha0p01_ALLcells_psl.npy
Block shape (scale=37, k=10): (705, 100), dims_use=(0, 1)

Loading PSL features for scale=37, k=15, alpha=0.01 ...
[load merged] ./psl_eigs/GSE82187/GSE82187_distchordal_scale37_k15_pca50_umap20_meteuc_md0p4_normmax_f10_patsegments_linear_d0-1_rips2_sigauto_alpha0p01_ALLcells_psl.npy
Block shape (scale=37, k=15): (705, 100), dims_use=(0, 1)

Loading PSL features for scale=37, k=20, alpha=0.01 ...
[load merged] ./psl_eigs/GSE82187/GSE82187_distchordal_scale37_k20_pca50_umap20_meteuc_md0p4_normmax_f10_patsegments_linear_d0-1_rips2_sigauto_alpha0p01_ALLcells_psl.npy
Block shape (scale=37, k=20): (705, 100), dims_use=(0, 1)

Loading PSL features for scale=37, k=30, alpha=0.01 ...
[load merged] ./psl_eigs/GSE82187/GSE82187_distchordal_scale37_k30_pca50_umap20_meteuc_md0p4_normmax_f10_patsegments_linear_d0-1_rips2_sigauto_alpha0p01_ALLcells_psl.npy
Block shape (scale=37, k=30): (705, 100), dims_use=(0, 1)

Loading PSL features for scale=37, k=40, alpha=0.01 ...
[load merged] ./psl_eigs/GSE82187/GSE82187_distchordal_scale37_k40_pca50_umap20_meteuc_md0p4_normmax_f10_patsegments_linear_d0-1_rips2_sigauto_alpha0p01_ALLcells_psl.npy
Block shape (scale=37, k=40): (705, 100), dims_use=(0, 1)

Loading PSL features for scale=37, k=50, alpha=0.01 ...
[load merged] ./psl_eigs/GSE82187/GSE82187_distchordal_scale37_k50_pca50_umap20_meteuc_md0p4_normmax_f10_patsegments_linear_d0-1_rips2_sigauto_alpha0p01_ALLcells_psl.npy
Block shape (scale=37, k=50): (705, 100), dims_use=(0, 1)

Loading PSL features for scale=37, k=60, alpha=0.01 ...
[load merged] ./psl_eigs/GSE82187/GSE82187_distchordal_scale37_k60_pca50_umap20_meteuc_md0p4_normmax_f10_patsegments_linear_d0-1_rips2_sigauto_alpha0p01_ALLcells_psl.npy
Block shape (scale=37, k=60): (705, 100), dims_use=(0, 1)

Loading PSL features for scale=37, k=70, alpha=0.01 ...
[load merged] ./psl_eigs/GSE82187/GSE82187_distchordal_scale37_k70_pca50_umap20_meteuc_md0p4_normmax_f10_patsegments_linear_d0-1_rips2_sigauto_alpha0p01_ALLcells_psl.npy
Block shape (scale=37, k=70): (705, 100), dims_use=(0, 1)

Loading PSL features for scale=37, k=80, alpha=0.01 ...
[load merged] ./psl_eigs/GSE82187/GSE82187_distchordal_scale37_k80_pca50_umap20_meteuc_md0p4_normmax_f10_patsegments_linear_d0-1_rips2_sigauto_alpha0p01_ALLcells_psl.npy
Block shape (scale=37, k=80): (705, 100), dims_use=(0, 1)

Loading PSL features for scale=50, k=5, alpha=0.01 ...
[load merged] ./psl_eigs/GSE82187/GSE82187_distchordal_scale50_k5_pca50_umap20_meteuc_md0p4_normmax_f10_patsegments_linear_d0-1_rips2_sigauto_alpha0p01_ALLcells_psl.npy
Block shape (scale=50, k=5): (705, 100), dims_use=(0, 1)

Loading PSL features for scale=50, k=10, alpha=0.01 ...
[load merged] ./psl_eigs/GSE82187/GSE82187_distchordal_scale50_k10_pca50_umap20_meteuc_md0p4_normmax_f10_patsegments_linear_d0-1_rips2_sigauto_alpha0p01_ALLcells_psl.npy
Block shape (scale=50, k=10): (705, 100), dims_use=(0, 1)

Loading PSL features for scale=50, k=15, alpha=0.01 ...
[load merged] ./psl_eigs/GSE82187/GSE82187_distchordal_scale50_k15_pca50_umap20_meteuc_md0p4_normmax_f10_patsegments_linear_d0-1_rips2_sigauto_alpha0p01_ALLcells_psl.npy
Block shape (scale=50, k=15): (705, 100), dims_use=(0, 1)

Loading PSL features for scale=50, k=20, alpha=0.01 ...
[load merged] ./psl_eigs/GSE82187/GSE82187_distchordal_scale50_k20_pca50_umap20_meteuc_md0p4_normmax_f10_patsegments_linear_d0-1_rips2_sigauto_alpha0p01_ALLcells_psl.npy
Block shape (scale=50, k=20): (705, 100), dims_use=(0, 1)

Loading PSL features for scale=50, k=30, alpha=0.01 ...
[load merged] ./psl_eigs/GSE82187/GSE82187_distchordal_scale50_k30_pca50_umap20_meteuc_md0p4_normmax_f10_patsegments_linear_d0-1_rips2_sigauto_alpha0p01_ALLcells_psl.npy
Block shape (scale=50, k=30): (705, 100), dims_use=(0, 1)

Loading PSL features for scale=50, k=40, alpha=0.01 ...
[load merged] ./psl_eigs/GSE82187/GSE82187_distchordal_scale50_k40_pca50_umap20_meteuc_md0p4_normmax_f10_patsegments_linear_d0-1_rips2_sigauto_alpha0p01_ALLcells_psl.npy
Block shape (scale=50, k=40): (705, 100), dims_use=(0, 1)

Loading PSL features for scale=50, k=50, alpha=0.01 ...
[load merged] ./psl_eigs/GSE82187/GSE82187_distchordal_scale50_k50_pca50_umap20_meteuc_md0p4_normmax_f10_patsegments_linear_d0-1_rips2_sigauto_alpha0p01_ALLcells_psl.npy
Block shape (scale=50, k=50): (705, 100), dims_use=(0, 1)

Loading PSL features for scale=50, k=60, alpha=0.01 ...
[load merged] ./psl_eigs/GSE82187/GSE82187_distchordal_scale50_k60_pca50_umap20_meteuc_md0p4_normmax_f10_patsegments_linear_d0-1_rips2_sigauto_alpha0p01_ALLcells_psl.npy
Block shape (scale=50, k=60): (705, 100), dims_use=(0, 1)

Loading PSL features for scale=50, k=70, alpha=0.01 ...
[load merged] ./psl_eigs/GSE82187/GSE82187_distchordal_scale50_k70_pca50_umap20_meteuc_md0p4_normmax_f10_patsegments_linear_d0-1_rips2_sigauto_alpha0p01_ALLcells_psl.npy
Block shape (scale=50, k=70): (705, 100), dims_use=(0, 1)

Loading PSL features for scale=50, k=80, alpha=0.01 ...
[load merged] ./psl_eigs/GSE82187/GSE82187_distchordal_scale50_k80_pca50_umap20_meteuc_md0p4_normmax_f10_patsegments_linear_d0-1_rips2_sigauto_alpha0p01_ALLcells_psl.npy
Block shape (scale=50, k=80): (705, 100), dims_use=(0, 1)

Final PSL feature matrix shape: (705, 5000)
Unique classes: [0 1 2 3 4 5 6 7 8 9]

=== Fold 1/5 ===
Fold 1 balanced acc:     0.9833
Fold 1 accuracy:         0.9924
Fold 1 macro F1:         0.9877
Fold 1 weighted F1:      0.9923
Fold 1 macro recall:     0.9833
Fold 1 MCC:              0.9896
Fold 1 Macro-AUC (OVR):  1.0000
Fold classification report:
              precision    recall  f1-score   support

           0       0.96      1.00      0.98        23
           3       1.00      1.00      1.00        18
           4       1.00      1.00      1.00        10
           6       1.00      1.00      1.00        61
           8       1.00      0.90      0.95        10
           9       1.00      1.00      1.00        10

    accuracy                           0.99       132
   macro avg       0.99      0.98      0.99       132
weighted avg       0.99      0.99      0.99       132


=== Fold 2/5 ===
Fold 2 balanced acc:     1.0000
Fold 2 accuracy:         1.0000
Fold 2 macro F1:         1.0000
Fold 2 weighted F1:      1.0000
Fold 2 macro recall:     1.0000
Fold 2 MCC:              1.0000
Fold 2 Macro-AUC (OVR):  1.0000
Fold classification report:
              precision    recall  f1-score   support

           0       1.00      1.00      1.00        26
           3       1.00      1.00      1.00        13
           4       1.00      1.00      1.00         7
           6       1.00      1.00      1.00        72
           8       1.00      1.00      1.00         5
           9       1.00      1.00      1.00         8

    accuracy                           1.00       131
   macro avg       1.00      1.00      1.00       131
weighted avg       1.00      1.00      1.00       131


=== Fold 3/5 ===
Fold 3 balanced acc:     1.0000
Fold 3 accuracy:         1.0000
Fold 3 macro F1:         1.0000
Fold 3 weighted F1:      1.0000
Fold 3 macro recall:     1.0000
Fold 3 MCC:              1.0000
Fold 3 Macro-AUC (OVR):  1.0000
Fold classification report:
              precision    recall  f1-score   support

           0       1.00      1.00      1.00        16
           2       1.00      1.00      1.00         8
           3       1.00      1.00      1.00        17
           4       1.00      1.00      1.00         9
           6       1.00      1.00      1.00        65
           7       1.00      1.00      1.00         5
           8       1.00      1.00      1.00         7
           9       1.00      1.00      1.00         9

    accuracy                           1.00       136
   macro avg       1.00      1.00      1.00       136
weighted avg       1.00      1.00      1.00       136


=== Fold 4/5 ===
Fold 4 balanced acc:     0.9762
Fold 4 accuracy:         0.9852
Fold 4 macro F1:         0.9717
Fold 4 weighted F1:      0.9857
Fold 4 macro recall:     0.9762
Fold 4 MCC:              0.9791
Fold 4 Macro-AUC (OVR):  0.9998
Fold classification report:
              precision    recall  f1-score   support

           0       1.00      1.00      1.00        21
           1       1.00      1.00      1.00         4
           3       1.00      0.90      0.95        10
           4       0.80      1.00      0.89         8
           6       1.00      1.00      1.00        67
           8       1.00      0.93      0.97        15
           9       1.00      1.00      1.00        10

    accuracy                           0.99       135
   macro avg       0.97      0.98      0.97       135
weighted avg       0.99      0.99      0.99       135


=== Fold 5/5 ===
Fold 5 balanced acc:     0.9661
Fold 5 accuracy:         0.9856
Fold 5 macro F1:         0.9726
Fold 5 weighted F1:      0.9856
Fold 5 macro recall:     0.9661
Fold 5 MCC:              0.9798
Fold 5 Macro-AUC (OVR):  0.9997
Fold classification report:
              precision    recall  f1-score   support

           0       1.00      1.00      1.00        21
           1       1.00      1.00      1.00         5
           2       1.00      0.80      0.89         5
           3       0.87      1.00      0.93        13
           4       1.00      0.93      0.96        14
           6       1.00      1.00      1.00        69
           8       1.00      1.00      1.00         6
           9       1.00      1.00      1.00         6

    accuracy                           0.99       139
   macro avg       0.98      0.97      0.97       139
weighted avg       0.99      0.99      0.99       139


===== 5-fold Cross-Validation Summary =====
Balanced Accuracy:  0.9851 ± 0.0133
Accuracy:           0.9926 ± 0.0065
Macro F1:           0.9864 ± 0.0125
Weighted F1:        0.9927 ± 0.0064
Macro recall:       0.9851 ± 0.0133
MCC:                0.9897 ± 0.0092
Macro-AUC (OVR):    0.9999 ± 0.0001

Average confusion matrix over folds (rows=true, cols=pred):
[[21.4  0.   0.   0.   0.   0.   0.   0.   0.   0. ]
 [ 0.   1.8  0.   0.   0.   0.   0.   0.   0.   0. ]
 [ 0.   0.   2.4  0.2  0.   0.   0.   0.   0.   0. ]
 [ 0.   0.   0.  14.   0.2  0.   0.   0.   0.   0. ]
 [ 0.   0.   0.   0.2  9.4  0.   0.   0.   0.   0. ]
 [ 0.   0.   0.   0.   0.   0.   0.   0.   0.   0. ]
 [ 0.   0.   0.   0.   0.   0.  66.8  0.   0.   0. ]
 [ 0.   0.   0.   0.   0.   0.   0.   1.   0.   0. ]
 [ 0.2  0.   0.   0.   0.2  0.   0.   0.   8.2  0. ]
 [ 0.   0.   0.   0.   0.   0.   0.   0.   0.   8.6]]

===== Parameter Summary for This Run =====

--- PSL / Geometry Parameters ---
DATA_NAME            = GSE82187
PCA_N_COMPONENTS     = 50
UMAP_N_COMPONENTS    = 20
UMAP_METRIC          = euclidean
UMAP_MIN_DIST        = 0.4
NORMALIZE_METHOD     = max
N_FILTRATIONS        = 10
FILTRATION_PATTERN   = segments_linear
PSL_DIMS             = (0, 1)
RIPS_MAX_DIM         = 2
PSL_SIGMA            = None
SCALES (list)        = [5, 14, 25, 37, 50]
K_LIST               = [5, 10, 15, 20, 30, 40, 50, 60, 70, 80]
DIMS_USE             = (0, 1)
STATS_PER_DIM        = {0: [0, 1, 2, 3, 4], 1: [0, 1, 2, 3, 4]}
DIST_TAG             = chordal
ALPHA                = 0.01

--- Gradient Boosting (GBDT) Parameters ---
ccp_alpha            = 0.0
criterion            = friedman_mse
init                 = None
learning_rate        = 0.002
loss                 = log_loss
max_depth            = 7
max_features         = sqrt
max_leaf_nodes       = None
min_impurity_decrease = 0.0
min_samples_leaf     = 1
min_samples_split    = 5
min_weight_fraction_leaf = 0.0
n_estimators         = 2000
n_iter_no_change     = None
random_state         = 0
subsample            = 0.8
tol                  = 0.0001
validation_fraction  = 0.1
verbose              = 0
warm_start           = False
