Python used: /mnt/home/wangx306/conda3/envs/petlsenv/bin/python
Numpy version: 2.3.4
Loaded data: GSE94820
X_raw shape: (1140, 26593) y shape: (1140,)

Loading PSL features for scale=5, k=5, alpha=0.01 ...
[load merged] ./psl_eigs/GSE94820/GSE94820_distchordal_scale5_k5_pca50_umap20_meteuc_md0p4_normmax_f10_patsegments_linear_d0-1_rips2_sigauto_alpha0p01_ALLcells_psl.npy
Block shape (scale=5, k=5): (1140, 100), dims_use=(0, 1)

Loading PSL features for scale=5, k=10, alpha=0.01 ...
[load merged] ./psl_eigs/GSE94820/GSE94820_distchordal_scale5_k10_pca50_umap20_meteuc_md0p4_normmax_f10_patsegments_linear_d0-1_rips2_sigauto_alpha0p01_ALLcells_psl.npy
Block shape (scale=5, k=10): (1140, 100), dims_use=(0, 1)

Loading PSL features for scale=5, k=15, alpha=0.01 ...
[load merged] ./psl_eigs/GSE94820/GSE94820_distchordal_scale5_k15_pca50_umap20_meteuc_md0p4_normmax_f10_patsegments_linear_d0-1_rips2_sigauto_alpha0p01_ALLcells_psl.npy
Block shape (scale=5, k=15): (1140, 100), dims_use=(0, 1)

Loading PSL features for scale=5, k=20, alpha=0.01 ...
[load merged] ./psl_eigs/GSE94820/GSE94820_distchordal_scale5_k20_pca50_umap20_meteuc_md0p4_normmax_f10_patsegments_linear_d0-1_rips2_sigauto_alpha0p01_ALLcells_psl.npy
Block shape (scale=5, k=20): (1140, 100), dims_use=(0, 1)

Loading PSL features for scale=5, k=30, alpha=0.01 ...
[load merged] ./psl_eigs/GSE94820/GSE94820_distchordal_scale5_k30_pca50_umap20_meteuc_md0p4_normmax_f10_patsegments_linear_d0-1_rips2_sigauto_alpha0p01_ALLcells_psl.npy
Block shape (scale=5, k=30): (1140, 100), dims_use=(0, 1)

Loading PSL features for scale=5, k=40, alpha=0.01 ...
[load merged] ./psl_eigs/GSE94820/GSE94820_distchordal_scale5_k40_pca50_umap20_meteuc_md0p4_normmax_f10_patsegments_linear_d0-1_rips2_sigauto_alpha0p01_ALLcells_psl.npy
Block shape (scale=5, k=40): (1140, 100), dims_use=(0, 1)

Loading PSL features for scale=5, k=50, alpha=0.01 ...
[load merged] ./psl_eigs/GSE94820/GSE94820_distchordal_scale5_k50_pca50_umap20_meteuc_md0p4_normmax_f10_patsegments_linear_d0-1_rips2_sigauto_alpha0p01_ALLcells_psl.npy
Block shape (scale=5, k=50): (1140, 100), dims_use=(0, 1)

Loading PSL features for scale=5, k=60, alpha=0.01 ...
[load merged] ./psl_eigs/GSE94820/GSE94820_distchordal_scale5_k60_pca50_umap20_meteuc_md0p4_normmax_f10_patsegments_linear_d0-1_rips2_sigauto_alpha0p01_ALLcells_psl.npy
Block shape (scale=5, k=60): (1140, 100), dims_use=(0, 1)

Loading PSL features for scale=5, k=70, alpha=0.01 ...
[load merged] ./psl_eigs/GSE94820/GSE94820_distchordal_scale5_k70_pca50_umap20_meteuc_md0p4_normmax_f10_patsegments_linear_d0-1_rips2_sigauto_alpha0p01_ALLcells_psl.npy
Block shape (scale=5, k=70): (1140, 100), dims_use=(0, 1)

Loading PSL features for scale=5, k=80, alpha=0.01 ...
[load merged] ./psl_eigs/GSE94820/GSE94820_distchordal_scale5_k80_pca50_umap20_meteuc_md0p4_normmax_f10_patsegments_linear_d0-1_rips2_sigauto_alpha0p01_ALLcells_psl.npy
Block shape (scale=5, k=80): (1140, 100), dims_use=(0, 1)

Loading PSL features for scale=14, k=5, alpha=0.01 ...
[load merged] ./psl_eigs/GSE94820/GSE94820_distchordal_scale14_k5_pca50_umap20_meteuc_md0p4_normmax_f10_patsegments_linear_d0-1_rips2_sigauto_alpha0p01_ALLcells_psl.npy
Block shape (scale=14, k=5): (1140, 100), dims_use=(0, 1)

Loading PSL features for scale=14, k=10, alpha=0.01 ...
[load merged] ./psl_eigs/GSE94820/GSE94820_distchordal_scale14_k10_pca50_umap20_meteuc_md0p4_normmax_f10_patsegments_linear_d0-1_rips2_sigauto_alpha0p01_ALLcells_psl.npy
Block shape (scale=14, k=10): (1140, 100), dims_use=(0, 1)

Loading PSL features for scale=14, k=15, alpha=0.01 ...
[load merged] ./psl_eigs/GSE94820/GSE94820_distchordal_scale14_k15_pca50_umap20_meteuc_md0p4_normmax_f10_patsegments_linear_d0-1_rips2_sigauto_alpha0p01_ALLcells_psl.npy
Block shape (scale=14, k=15): (1140, 100), dims_use=(0, 1)

Loading PSL features for scale=14, k=20, alpha=0.01 ...
[load merged] ./psl_eigs/GSE94820/GSE94820_distchordal_scale14_k20_pca50_umap20_meteuc_md0p4_normmax_f10_patsegments_linear_d0-1_rips2_sigauto_alpha0p01_ALLcells_psl.npy
Block shape (scale=14, k=20): (1140, 100), dims_use=(0, 1)

Loading PSL features for scale=14, k=30, alpha=0.01 ...
[load merged] ./psl_eigs/GSE94820/GSE94820_distchordal_scale14_k30_pca50_umap20_meteuc_md0p4_normmax_f10_patsegments_linear_d0-1_rips2_sigauto_alpha0p01_ALLcells_psl.npy
Block shape (scale=14, k=30): (1140, 100), dims_use=(0, 1)

Loading PSL features for scale=14, k=40, alpha=0.01 ...
[load merged] ./psl_eigs/GSE94820/GSE94820_distchordal_scale14_k40_pca50_umap20_meteuc_md0p4_normmax_f10_patsegments_linear_d0-1_rips2_sigauto_alpha0p01_ALLcells_psl.npy
Block shape (scale=14, k=40): (1140, 100), dims_use=(0, 1)

Loading PSL features for scale=14, k=50, alpha=0.01 ...
[load merged] ./psl_eigs/GSE94820/GSE94820_distchordal_scale14_k50_pca50_umap20_meteuc_md0p4_normmax_f10_patsegments_linear_d0-1_rips2_sigauto_alpha0p01_ALLcells_psl.npy
Block shape (scale=14, k=50): (1140, 100), dims_use=(0, 1)

Loading PSL features for scale=14, k=60, alpha=0.01 ...
[load merged] ./psl_eigs/GSE94820/GSE94820_distchordal_scale14_k60_pca50_umap20_meteuc_md0p4_normmax_f10_patsegments_linear_d0-1_rips2_sigauto_alpha0p01_ALLcells_psl.npy
Block shape (scale=14, k=60): (1140, 100), dims_use=(0, 1)

Loading PSL features for scale=14, k=70, alpha=0.01 ...
[load merged] ./psl_eigs/GSE94820/GSE94820_distchordal_scale14_k70_pca50_umap20_meteuc_md0p4_normmax_f10_patsegments_linear_d0-1_rips2_sigauto_alpha0p01_ALLcells_psl.npy
Block shape (scale=14, k=70): (1140, 100), dims_use=(0, 1)

Loading PSL features for scale=14, k=80, alpha=0.01 ...
[load merged] ./psl_eigs/GSE94820/GSE94820_distchordal_scale14_k80_pca50_umap20_meteuc_md0p4_normmax_f10_patsegments_linear_d0-1_rips2_sigauto_alpha0p01_ALLcells_psl.npy
Block shape (scale=14, k=80): (1140, 100), dims_use=(0, 1)

Loading PSL features for scale=25, k=5, alpha=0.01 ...
[load merged] ./psl_eigs/GSE94820/GSE94820_distchordal_scale25_k5_pca50_umap20_meteuc_md0p4_normmax_f10_patsegments_linear_d0-1_rips2_sigauto_alpha0p01_ALLcells_psl.npy
Block shape (scale=25, k=5): (1140, 100), dims_use=(0, 1)

Loading PSL features for scale=25, k=10, alpha=0.01 ...
[load merged] ./psl_eigs/GSE94820/GSE94820_distchordal_scale25_k10_pca50_umap20_meteuc_md0p4_normmax_f10_patsegments_linear_d0-1_rips2_sigauto_alpha0p01_ALLcells_psl.npy
Block shape (scale=25, k=10): (1140, 100), dims_use=(0, 1)

Loading PSL features for scale=25, k=15, alpha=0.01 ...
[load merged] ./psl_eigs/GSE94820/GSE94820_distchordal_scale25_k15_pca50_umap20_meteuc_md0p4_normmax_f10_patsegments_linear_d0-1_rips2_sigauto_alpha0p01_ALLcells_psl.npy
Block shape (scale=25, k=15): (1140, 100), dims_use=(0, 1)

Loading PSL features for scale=25, k=20, alpha=0.01 ...
[load merged] ./psl_eigs/GSE94820/GSE94820_distchordal_scale25_k20_pca50_umap20_meteuc_md0p4_normmax_f10_patsegments_linear_d0-1_rips2_sigauto_alpha0p01_ALLcells_psl.npy
Block shape (scale=25, k=20): (1140, 100), dims_use=(0, 1)

Loading PSL features for scale=25, k=30, alpha=0.01 ...
[load merged] ./psl_eigs/GSE94820/GSE94820_distchordal_scale25_k30_pca50_umap20_meteuc_md0p4_normmax_f10_patsegments_linear_d0-1_rips2_sigauto_alpha0p01_ALLcells_psl.npy
Block shape (scale=25, k=30): (1140, 100), dims_use=(0, 1)

Loading PSL features for scale=25, k=40, alpha=0.01 ...
[load merged] ./psl_eigs/GSE94820/GSE94820_distchordal_scale25_k40_pca50_umap20_meteuc_md0p4_normmax_f10_patsegments_linear_d0-1_rips2_sigauto_alpha0p01_ALLcells_psl.npy
Block shape (scale=25, k=40): (1140, 100), dims_use=(0, 1)

Loading PSL features for scale=25, k=50, alpha=0.01 ...
[load merged] ./psl_eigs/GSE94820/GSE94820_distchordal_scale25_k50_pca50_umap20_meteuc_md0p4_normmax_f10_patsegments_linear_d0-1_rips2_sigauto_alpha0p01_ALLcells_psl.npy
Block shape (scale=25, k=50): (1140, 100), dims_use=(0, 1)

Loading PSL features for scale=25, k=60, alpha=0.01 ...
[load merged] ./psl_eigs/GSE94820/GSE94820_distchordal_scale25_k60_pca50_umap20_meteuc_md0p4_normmax_f10_patsegments_linear_d0-1_rips2_sigauto_alpha0p01_ALLcells_psl.npy
Block shape (scale=25, k=60): (1140, 100), dims_use=(0, 1)

Loading PSL features for scale=25, k=70, alpha=0.01 ...
[load merged] ./psl_eigs/GSE94820/GSE94820_distchordal_scale25_k70_pca50_umap20_meteuc_md0p4_normmax_f10_patsegments_linear_d0-1_rips2_sigauto_alpha0p01_ALLcells_psl.npy
Block shape (scale=25, k=70): (1140, 100), dims_use=(0, 1)

Loading PSL features for scale=25, k=80, alpha=0.01 ...
[load merged] ./psl_eigs/GSE94820/GSE94820_distchordal_scale25_k80_pca50_umap20_meteuc_md0p4_normmax_f10_patsegments_linear_d0-1_rips2_sigauto_alpha0p01_ALLcells_psl.npy
Block shape (scale=25, k=80): (1140, 100), dims_use=(0, 1)

Loading PSL features for scale=37, k=5, alpha=0.01 ...
[load merged] ./psl_eigs/GSE94820/GSE94820_distchordal_scale37_k5_pca50_umap20_meteuc_md0p4_normmax_f10_patsegments_linear_d0-1_rips2_sigauto_alpha0p01_ALLcells_psl.npy
Block shape (scale=37, k=5): (1140, 100), dims_use=(0, 1)

Loading PSL features for scale=37, k=10, alpha=0.01 ...
[load merged] ./psl_eigs/GSE94820/GSE94820_distchordal_scale37_k10_pca50_umap20_meteuc_md0p4_normmax_f10_patsegments_linear_d0-1_rips2_sigauto_alpha0p01_ALLcells_psl.npy
Block shape (scale=37, k=10): (1140, 100), dims_use=(0, 1)

Loading PSL features for scale=37, k=15, alpha=0.01 ...
[load merged] ./psl_eigs/GSE94820/GSE94820_distchordal_scale37_k15_pca50_umap20_meteuc_md0p4_normmax_f10_patsegments_linear_d0-1_rips2_sigauto_alpha0p01_ALLcells_psl.npy
Block shape (scale=37, k=15): (1140, 100), dims_use=(0, 1)

Loading PSL features for scale=37, k=20, alpha=0.01 ...
[load merged] ./psl_eigs/GSE94820/GSE94820_distchordal_scale37_k20_pca50_umap20_meteuc_md0p4_normmax_f10_patsegments_linear_d0-1_rips2_sigauto_alpha0p01_ALLcells_psl.npy
Block shape (scale=37, k=20): (1140, 100), dims_use=(0, 1)

Loading PSL features for scale=37, k=30, alpha=0.01 ...
[load merged] ./psl_eigs/GSE94820/GSE94820_distchordal_scale37_k30_pca50_umap20_meteuc_md0p4_normmax_f10_patsegments_linear_d0-1_rips2_sigauto_alpha0p01_ALLcells_psl.npy
Block shape (scale=37, k=30): (1140, 100), dims_use=(0, 1)

Loading PSL features for scale=37, k=40, alpha=0.01 ...
[load merged] ./psl_eigs/GSE94820/GSE94820_distchordal_scale37_k40_pca50_umap20_meteuc_md0p4_normmax_f10_patsegments_linear_d0-1_rips2_sigauto_alpha0p01_ALLcells_psl.npy
Block shape (scale=37, k=40): (1140, 100), dims_use=(0, 1)

Loading PSL features for scale=37, k=50, alpha=0.01 ...
[load merged] ./psl_eigs/GSE94820/GSE94820_distchordal_scale37_k50_pca50_umap20_meteuc_md0p4_normmax_f10_patsegments_linear_d0-1_rips2_sigauto_alpha0p01_ALLcells_psl.npy
Block shape (scale=37, k=50): (1140, 100), dims_use=(0, 1)

Loading PSL features for scale=37, k=60, alpha=0.01 ...
[load merged] ./psl_eigs/GSE94820/GSE94820_distchordal_scale37_k60_pca50_umap20_meteuc_md0p4_normmax_f10_patsegments_linear_d0-1_rips2_sigauto_alpha0p01_ALLcells_psl.npy
Block shape (scale=37, k=60): (1140, 100), dims_use=(0, 1)

Loading PSL features for scale=37, k=70, alpha=0.01 ...
[load merged] ./psl_eigs/GSE94820/GSE94820_distchordal_scale37_k70_pca50_umap20_meteuc_md0p4_normmax_f10_patsegments_linear_d0-1_rips2_sigauto_alpha0p01_ALLcells_psl.npy
Block shape (scale=37, k=70): (1140, 100), dims_use=(0, 1)

Loading PSL features for scale=37, k=80, alpha=0.01 ...
[load merged] ./psl_eigs/GSE94820/GSE94820_distchordal_scale37_k80_pca50_umap20_meteuc_md0p4_normmax_f10_patsegments_linear_d0-1_rips2_sigauto_alpha0p01_ALLcells_psl.npy
Block shape (scale=37, k=80): (1140, 100), dims_use=(0, 1)

Loading PSL features for scale=50, k=5, alpha=0.01 ...
[load merged] ./psl_eigs/GSE94820/GSE94820_distchordal_scale50_k5_pca50_umap20_meteuc_md0p4_normmax_f10_patsegments_linear_d0-1_rips2_sigauto_alpha0p01_ALLcells_psl.npy
Block shape (scale=50, k=5): (1140, 100), dims_use=(0, 1)

Loading PSL features for scale=50, k=10, alpha=0.01 ...
[load merged] ./psl_eigs/GSE94820/GSE94820_distchordal_scale50_k10_pca50_umap20_meteuc_md0p4_normmax_f10_patsegments_linear_d0-1_rips2_sigauto_alpha0p01_ALLcells_psl.npy
Block shape (scale=50, k=10): (1140, 100), dims_use=(0, 1)

Loading PSL features for scale=50, k=15, alpha=0.01 ...
[load merged] ./psl_eigs/GSE94820/GSE94820_distchordal_scale50_k15_pca50_umap20_meteuc_md0p4_normmax_f10_patsegments_linear_d0-1_rips2_sigauto_alpha0p01_ALLcells_psl.npy
Block shape (scale=50, k=15): (1140, 100), dims_use=(0, 1)

Loading PSL features for scale=50, k=20, alpha=0.01 ...
[load merged] ./psl_eigs/GSE94820/GSE94820_distchordal_scale50_k20_pca50_umap20_meteuc_md0p4_normmax_f10_patsegments_linear_d0-1_rips2_sigauto_alpha0p01_ALLcells_psl.npy
Block shape (scale=50, k=20): (1140, 100), dims_use=(0, 1)

Loading PSL features for scale=50, k=30, alpha=0.01 ...
[load merged] ./psl_eigs/GSE94820/GSE94820_distchordal_scale50_k30_pca50_umap20_meteuc_md0p4_normmax_f10_patsegments_linear_d0-1_rips2_sigauto_alpha0p01_ALLcells_psl.npy
Block shape (scale=50, k=30): (1140, 100), dims_use=(0, 1)

Loading PSL features for scale=50, k=40, alpha=0.01 ...
[load merged] ./psl_eigs/GSE94820/GSE94820_distchordal_scale50_k40_pca50_umap20_meteuc_md0p4_normmax_f10_patsegments_linear_d0-1_rips2_sigauto_alpha0p01_ALLcells_psl.npy
Block shape (scale=50, k=40): (1140, 100), dims_use=(0, 1)

Loading PSL features for scale=50, k=50, alpha=0.01 ...
[load merged] ./psl_eigs/GSE94820/GSE94820_distchordal_scale50_k50_pca50_umap20_meteuc_md0p4_normmax_f10_patsegments_linear_d0-1_rips2_sigauto_alpha0p01_ALLcells_psl.npy
Block shape (scale=50, k=50): (1140, 100), dims_use=(0, 1)

Loading PSL features for scale=50, k=60, alpha=0.01 ...
[load merged] ./psl_eigs/GSE94820/GSE94820_distchordal_scale50_k60_pca50_umap20_meteuc_md0p4_normmax_f10_patsegments_linear_d0-1_rips2_sigauto_alpha0p01_ALLcells_psl.npy
Block shape (scale=50, k=60): (1140, 100), dims_use=(0, 1)

Loading PSL features for scale=50, k=70, alpha=0.01 ...
[load merged] ./psl_eigs/GSE94820/GSE94820_distchordal_scale50_k70_pca50_umap20_meteuc_md0p4_normmax_f10_patsegments_linear_d0-1_rips2_sigauto_alpha0p01_ALLcells_psl.npy
Block shape (scale=50, k=70): (1140, 100), dims_use=(0, 1)

Loading PSL features for scale=50, k=80, alpha=0.01 ...
[load merged] ./psl_eigs/GSE94820/GSE94820_distchordal_scale50_k80_pca50_umap20_meteuc_md0p4_normmax_f10_patsegments_linear_d0-1_rips2_sigauto_alpha0p01_ALLcells_psl.npy
Block shape (scale=50, k=80): (1140, 100), dims_use=(0, 1)

Final PSL feature matrix shape: (1140, 5000)
Unique classes: [0 1 2 3 4]

=== Fold 1/5 ===
Fold 1 balanced acc:     0.9385
Fold 1 accuracy:         0.9430
Fold 1 macro F1:         0.9433
Fold 1 weighted F1:      0.9421
Fold 1 macro recall:     0.9385
Fold 1 MCC:              0.9268
Fold 1 Macro-AUC (OVR):  0.9886
Fold classification report:
              precision    recall  f1-score   support

           0       1.00      0.94      0.97        32
           1       0.91      0.95      0.93        43
           2       1.00      0.81      0.90        43
           3       0.92      0.99      0.95        80
           4       0.94      1.00      0.97        30

    accuracy                           0.94       228
   macro avg       0.95      0.94      0.94       228
weighted avg       0.95      0.94      0.94       228


=== Fold 2/5 ===
Fold 2 balanced acc:     0.9193
Fold 2 accuracy:         0.9298
Fold 2 macro F1:         0.9231
Fold 2 weighted F1:      0.9286
Fold 2 macro recall:     0.9193
Fold 2 MCC:              0.9114
Fold 2 Macro-AUC (OVR):  0.9898
Fold classification report:
              precision    recall  f1-score   support

           0       0.88      0.95      0.91        38
           1       0.96      1.00      0.98        44
           2       0.93      0.77      0.84        35
           3       0.92      0.97      0.94        68
           4       0.97      0.91      0.94        43

    accuracy                           0.93       228
   macro avg       0.93      0.92      0.92       228
weighted avg       0.93      0.93      0.93       228


=== Fold 3/5 ===
Fold 3 balanced acc:     0.9055
Fold 3 accuracy:         0.9167
Fold 3 macro F1:         0.9131
Fold 3 weighted F1:      0.9161
Fold 3 macro recall:     0.9055
Fold 3 MCC:              0.8949
Fold 3 Macro-AUC (OVR):  0.9862
Fold classification report:
              precision    recall  f1-score   support

           0       0.93      0.89      0.91        46
           1       0.89      0.94      0.91        33
           2       0.94      0.82      0.87        38
           3       0.87      1.00      0.93        69
           4       1.00      0.88      0.94        42

    accuracy                           0.92       228
   macro avg       0.93      0.91      0.91       228
weighted avg       0.92      0.92      0.92       228


=== Fold 4/5 ===
Fold 4 balanced acc:     0.9473
Fold 4 accuracy:         0.9561
Fold 4 macro F1:         0.9550
Fold 4 weighted F1:      0.9560
Fold 4 macro recall:     0.9473
Fold 4 MCC:              0.9437
Fold 4 Macro-AUC (OVR):  0.9942
Fold classification report:
              precision    recall  f1-score   support

           0       1.00      0.92      0.96        38
           1       0.97      0.94      0.95        33
           2       0.95      0.93      0.94        42
           3       0.93      1.00      0.96        77
           4       0.97      0.95      0.96        38

    accuracy                           0.96       228
   macro avg       0.96      0.95      0.96       228
weighted avg       0.96      0.96      0.96       228


=== Fold 5/5 ===
Fold 5 balanced acc:     0.9408
Fold 5 accuracy:         0.9474
Fold 5 macro F1:         0.9424
Fold 5 weighted F1:      0.9472
Fold 5 macro recall:     0.9408
Fold 5 MCC:              0.9322
Fold 5 Macro-AUC (OVR):  0.9896
Fold classification report:
              precision    recall  f1-score   support

           0       0.97      0.89      0.93        38
           1       0.90      0.97      0.94        39
           2       0.94      0.91      0.93        34
           3       0.96      0.97      0.97        78
           4       0.95      0.95      0.95        39

    accuracy                           0.95       228
   macro avg       0.95      0.94      0.94       228
weighted avg       0.95      0.95      0.95       228


===== 5-fold Cross-Validation Summary =====
Balanced Accuracy:  0.9303 ± 0.0155
Accuracy:           0.9386 ± 0.0139
Macro F1:           0.9354 ± 0.0151
Weighted F1:        0.9380 ± 0.0141
Macro recall:       0.9303 ± 0.0155
MCC:                0.9218 ± 0.0170
Macro-AUC (OVR):    0.9897 ± 0.0026

Average confusion matrix over folds (rows=true, cols=pred):
[[35.2  0.6  0.8  1.2  0.6]
 [ 0.  37.   0.   1.4  0. ]
 [ 0.4  2.  32.6  3.2  0.2]
 [ 0.   0.2  0.4 73.4  0.4]
 [ 1.4  0.2  0.4  0.6 35.8]]

===== Parameter Summary for This Run =====

--- PSL / Geometry Parameters ---
DATA_NAME            = GSE94820
PCA_N_COMPONENTS     = 50
UMAP_N_COMPONENTS    = 20
UMAP_METRIC          = euclidean
UMAP_MIN_DIST        = 0.4
NORMALIZE_METHOD     = max
N_FILTRATIONS        = 10
FILTRATION_PATTERN   = segments_linear
PSL_DIMS             = (0, 1)
RIPS_MAX_DIM         = 2
PSL_SIGMA            = None
SCALES (list)        = [5, 14, 25, 37, 50]
K_LIST               = [5, 10, 15, 20, 30, 40, 50, 60, 70, 80]
DIMS_USE             = (0, 1)
STATS_PER_DIM        = {0: [0, 1, 2, 3, 4], 1: [0, 1, 2, 3, 4]}
DIST_TAG             = chordal
ALPHA                = 0.01

--- Gradient Boosting (GBDT) Parameters ---
ccp_alpha            = 0.0
criterion            = friedman_mse
init                 = None
learning_rate        = 0.002
loss                 = log_loss
max_depth            = 7
max_features         = sqrt
max_leaf_nodes       = None
min_impurity_decrease = 0.0
min_samples_leaf     = 1
min_samples_split    = 5
min_weight_fraction_leaf = 0.0
n_estimators         = 2000
n_iter_no_change     = None
random_state         = 0
subsample            = 0.8
tol                  = 0.0001
validation_fraction  = 0.1
verbose              = 0
warm_start           = False
