Python used: /mnt/home/wangx306/conda3/envs/petlsenv/bin/python
Numpy version: 2.3.4
Loaded data: GSE75748cell
X_raw shape: (1018, 19097) y shape: (1018,)

Loading PSL features for scale=5, k=5, alpha=0.01 ...
[load merged] ./psl_eigs/GSE75748cell/GSE75748cell_distchordal_scale5_k5_pca50_umap20_meteuc_md0p4_normmax_f10_patsegments_linear_d0-1_rips2_sigauto_alpha0p01_ALLcells_psl.npy
Block shape (scale=5, k=5): (1018, 100), dims_use=(0, 1)

Loading PSL features for scale=5, k=10, alpha=0.01 ...
[load merged] ./psl_eigs/GSE75748cell/GSE75748cell_distchordal_scale5_k10_pca50_umap20_meteuc_md0p4_normmax_f10_patsegments_linear_d0-1_rips2_sigauto_alpha0p01_ALLcells_psl.npy
Block shape (scale=5, k=10): (1018, 100), dims_use=(0, 1)

Loading PSL features for scale=5, k=15, alpha=0.01 ...
[load merged] ./psl_eigs/GSE75748cell/GSE75748cell_distchordal_scale5_k15_pca50_umap20_meteuc_md0p4_normmax_f10_patsegments_linear_d0-1_rips2_sigauto_alpha0p01_ALLcells_psl.npy
Block shape (scale=5, k=15): (1018, 100), dims_use=(0, 1)

Loading PSL features for scale=5, k=20, alpha=0.01 ...
[load merged] ./psl_eigs/GSE75748cell/GSE75748cell_distchordal_scale5_k20_pca50_umap20_meteuc_md0p4_normmax_f10_patsegments_linear_d0-1_rips2_sigauto_alpha0p01_ALLcells_psl.npy
Block shape (scale=5, k=20): (1018, 100), dims_use=(0, 1)

Loading PSL features for scale=5, k=30, alpha=0.01 ...
[load merged] ./psl_eigs/GSE75748cell/GSE75748cell_distchordal_scale5_k30_pca50_umap20_meteuc_md0p4_normmax_f10_patsegments_linear_d0-1_rips2_sigauto_alpha0p01_ALLcells_psl.npy
Block shape (scale=5, k=30): (1018, 100), dims_use=(0, 1)

Loading PSL features for scale=5, k=40, alpha=0.01 ...
[load merged] ./psl_eigs/GSE75748cell/GSE75748cell_distchordal_scale5_k40_pca50_umap20_meteuc_md0p4_normmax_f10_patsegments_linear_d0-1_rips2_sigauto_alpha0p01_ALLcells_psl.npy
Block shape (scale=5, k=40): (1018, 100), dims_use=(0, 1)

Loading PSL features for scale=5, k=50, alpha=0.01 ...
[load merged] ./psl_eigs/GSE75748cell/GSE75748cell_distchordal_scale5_k50_pca50_umap20_meteuc_md0p4_normmax_f10_patsegments_linear_d0-1_rips2_sigauto_alpha0p01_ALLcells_psl.npy
Block shape (scale=5, k=50): (1018, 100), dims_use=(0, 1)

Loading PSL features for scale=5, k=60, alpha=0.01 ...
[load merged] ./psl_eigs/GSE75748cell/GSE75748cell_distchordal_scale5_k60_pca50_umap20_meteuc_md0p4_normmax_f10_patsegments_linear_d0-1_rips2_sigauto_alpha0p01_ALLcells_psl.npy
Block shape (scale=5, k=60): (1018, 100), dims_use=(0, 1)

Loading PSL features for scale=5, k=70, alpha=0.01 ...
[load merged] ./psl_eigs/GSE75748cell/GSE75748cell_distchordal_scale5_k70_pca50_umap20_meteuc_md0p4_normmax_f10_patsegments_linear_d0-1_rips2_sigauto_alpha0p01_ALLcells_psl.npy
Block shape (scale=5, k=70): (1018, 100), dims_use=(0, 1)

Loading PSL features for scale=5, k=80, alpha=0.01 ...
[load merged] ./psl_eigs/GSE75748cell/GSE75748cell_distchordal_scale5_k80_pca50_umap20_meteuc_md0p4_normmax_f10_patsegments_linear_d0-1_rips2_sigauto_alpha0p01_ALLcells_psl.npy
Block shape (scale=5, k=80): (1018, 100), dims_use=(0, 1)

Loading PSL features for scale=14, k=5, alpha=0.01 ...
[load merged] ./psl_eigs/GSE75748cell/GSE75748cell_distchordal_scale14_k5_pca50_umap20_meteuc_md0p4_normmax_f10_patsegments_linear_d0-1_rips2_sigauto_alpha0p01_ALLcells_psl.npy
Block shape (scale=14, k=5): (1018, 100), dims_use=(0, 1)

Loading PSL features for scale=14, k=10, alpha=0.01 ...
[load merged] ./psl_eigs/GSE75748cell/GSE75748cell_distchordal_scale14_k10_pca50_umap20_meteuc_md0p4_normmax_f10_patsegments_linear_d0-1_rips2_sigauto_alpha0p01_ALLcells_psl.npy
Block shape (scale=14, k=10): (1018, 100), dims_use=(0, 1)

Loading PSL features for scale=14, k=15, alpha=0.01 ...
[load merged] ./psl_eigs/GSE75748cell/GSE75748cell_distchordal_scale14_k15_pca50_umap20_meteuc_md0p4_normmax_f10_patsegments_linear_d0-1_rips2_sigauto_alpha0p01_ALLcells_psl.npy
Block shape (scale=14, k=15): (1018, 100), dims_use=(0, 1)

Loading PSL features for scale=14, k=20, alpha=0.01 ...
[load merged] ./psl_eigs/GSE75748cell/GSE75748cell_distchordal_scale14_k20_pca50_umap20_meteuc_md0p4_normmax_f10_patsegments_linear_d0-1_rips2_sigauto_alpha0p01_ALLcells_psl.npy
Block shape (scale=14, k=20): (1018, 100), dims_use=(0, 1)

Loading PSL features for scale=14, k=30, alpha=0.01 ...
[load merged] ./psl_eigs/GSE75748cell/GSE75748cell_distchordal_scale14_k30_pca50_umap20_meteuc_md0p4_normmax_f10_patsegments_linear_d0-1_rips2_sigauto_alpha0p01_ALLcells_psl.npy
Block shape (scale=14, k=30): (1018, 100), dims_use=(0, 1)

Loading PSL features for scale=14, k=40, alpha=0.01 ...
[load merged] ./psl_eigs/GSE75748cell/GSE75748cell_distchordal_scale14_k40_pca50_umap20_meteuc_md0p4_normmax_f10_patsegments_linear_d0-1_rips2_sigauto_alpha0p01_ALLcells_psl.npy
Block shape (scale=14, k=40): (1018, 100), dims_use=(0, 1)

Loading PSL features for scale=14, k=50, alpha=0.01 ...
[load merged] ./psl_eigs/GSE75748cell/GSE75748cell_distchordal_scale14_k50_pca50_umap20_meteuc_md0p4_normmax_f10_patsegments_linear_d0-1_rips2_sigauto_alpha0p01_ALLcells_psl.npy
Block shape (scale=14, k=50): (1018, 100), dims_use=(0, 1)

Loading PSL features for scale=14, k=60, alpha=0.01 ...
[load merged] ./psl_eigs/GSE75748cell/GSE75748cell_distchordal_scale14_k60_pca50_umap20_meteuc_md0p4_normmax_f10_patsegments_linear_d0-1_rips2_sigauto_alpha0p01_ALLcells_psl.npy
Block shape (scale=14, k=60): (1018, 100), dims_use=(0, 1)

Loading PSL features for scale=14, k=70, alpha=0.01 ...
[load merged] ./psl_eigs/GSE75748cell/GSE75748cell_distchordal_scale14_k70_pca50_umap20_meteuc_md0p4_normmax_f10_patsegments_linear_d0-1_rips2_sigauto_alpha0p01_ALLcells_psl.npy
Block shape (scale=14, k=70): (1018, 100), dims_use=(0, 1)

Loading PSL features for scale=14, k=80, alpha=0.01 ...
[load merged] ./psl_eigs/GSE75748cell/GSE75748cell_distchordal_scale14_k80_pca50_umap20_meteuc_md0p4_normmax_f10_patsegments_linear_d0-1_rips2_sigauto_alpha0p01_ALLcells_psl.npy
Block shape (scale=14, k=80): (1018, 100), dims_use=(0, 1)

Loading PSL features for scale=25, k=5, alpha=0.01 ...
[load merged] ./psl_eigs/GSE75748cell/GSE75748cell_distchordal_scale25_k5_pca50_umap20_meteuc_md0p4_normmax_f10_patsegments_linear_d0-1_rips2_sigauto_alpha0p01_ALLcells_psl.npy
Block shape (scale=25, k=5): (1018, 100), dims_use=(0, 1)

Loading PSL features for scale=25, k=10, alpha=0.01 ...
[load merged] ./psl_eigs/GSE75748cell/GSE75748cell_distchordal_scale25_k10_pca50_umap20_meteuc_md0p4_normmax_f10_patsegments_linear_d0-1_rips2_sigauto_alpha0p01_ALLcells_psl.npy
Block shape (scale=25, k=10): (1018, 100), dims_use=(0, 1)

Loading PSL features for scale=25, k=15, alpha=0.01 ...
[load merged] ./psl_eigs/GSE75748cell/GSE75748cell_distchordal_scale25_k15_pca50_umap20_meteuc_md0p4_normmax_f10_patsegments_linear_d0-1_rips2_sigauto_alpha0p01_ALLcells_psl.npy
Block shape (scale=25, k=15): (1018, 100), dims_use=(0, 1)

Loading PSL features for scale=25, k=20, alpha=0.01 ...
[load merged] ./psl_eigs/GSE75748cell/GSE75748cell_distchordal_scale25_k20_pca50_umap20_meteuc_md0p4_normmax_f10_patsegments_linear_d0-1_rips2_sigauto_alpha0p01_ALLcells_psl.npy
Block shape (scale=25, k=20): (1018, 100), dims_use=(0, 1)

Loading PSL features for scale=25, k=30, alpha=0.01 ...
[load merged] ./psl_eigs/GSE75748cell/GSE75748cell_distchordal_scale25_k30_pca50_umap20_meteuc_md0p4_normmax_f10_patsegments_linear_d0-1_rips2_sigauto_alpha0p01_ALLcells_psl.npy
Block shape (scale=25, k=30): (1018, 100), dims_use=(0, 1)

Loading PSL features for scale=25, k=40, alpha=0.01 ...
[load merged] ./psl_eigs/GSE75748cell/GSE75748cell_distchordal_scale25_k40_pca50_umap20_meteuc_md0p4_normmax_f10_patsegments_linear_d0-1_rips2_sigauto_alpha0p01_ALLcells_psl.npy
Block shape (scale=25, k=40): (1018, 100), dims_use=(0, 1)

Loading PSL features for scale=25, k=50, alpha=0.01 ...
[load merged] ./psl_eigs/GSE75748cell/GSE75748cell_distchordal_scale25_k50_pca50_umap20_meteuc_md0p4_normmax_f10_patsegments_linear_d0-1_rips2_sigauto_alpha0p01_ALLcells_psl.npy
Block shape (scale=25, k=50): (1018, 100), dims_use=(0, 1)

Loading PSL features for scale=25, k=60, alpha=0.01 ...
[load merged] ./psl_eigs/GSE75748cell/GSE75748cell_distchordal_scale25_k60_pca50_umap20_meteuc_md0p4_normmax_f10_patsegments_linear_d0-1_rips2_sigauto_alpha0p01_ALLcells_psl.npy
Block shape (scale=25, k=60): (1018, 100), dims_use=(0, 1)

Loading PSL features for scale=25, k=70, alpha=0.01 ...
[load merged] ./psl_eigs/GSE75748cell/GSE75748cell_distchordal_scale25_k70_pca50_umap20_meteuc_md0p4_normmax_f10_patsegments_linear_d0-1_rips2_sigauto_alpha0p01_ALLcells_psl.npy
Block shape (scale=25, k=70): (1018, 100), dims_use=(0, 1)

Loading PSL features for scale=25, k=80, alpha=0.01 ...
[load merged] ./psl_eigs/GSE75748cell/GSE75748cell_distchordal_scale25_k80_pca50_umap20_meteuc_md0p4_normmax_f10_patsegments_linear_d0-1_rips2_sigauto_alpha0p01_ALLcells_psl.npy
Block shape (scale=25, k=80): (1018, 100), dims_use=(0, 1)

Loading PSL features for scale=37, k=5, alpha=0.01 ...
[load merged] ./psl_eigs/GSE75748cell/GSE75748cell_distchordal_scale37_k5_pca50_umap20_meteuc_md0p4_normmax_f10_patsegments_linear_d0-1_rips2_sigauto_alpha0p01_ALLcells_psl.npy
Block shape (scale=37, k=5): (1018, 100), dims_use=(0, 1)

Loading PSL features for scale=37, k=10, alpha=0.01 ...
[load merged] ./psl_eigs/GSE75748cell/GSE75748cell_distchordal_scale37_k10_pca50_umap20_meteuc_md0p4_normmax_f10_patsegments_linear_d0-1_rips2_sigauto_alpha0p01_ALLcells_psl.npy
Block shape (scale=37, k=10): (1018, 100), dims_use=(0, 1)

Loading PSL features for scale=37, k=15, alpha=0.01 ...
[load merged] ./psl_eigs/GSE75748cell/GSE75748cell_distchordal_scale37_k15_pca50_umap20_meteuc_md0p4_normmax_f10_patsegments_linear_d0-1_rips2_sigauto_alpha0p01_ALLcells_psl.npy
Block shape (scale=37, k=15): (1018, 100), dims_use=(0, 1)

Loading PSL features for scale=37, k=20, alpha=0.01 ...
[load merged] ./psl_eigs/GSE75748cell/GSE75748cell_distchordal_scale37_k20_pca50_umap20_meteuc_md0p4_normmax_f10_patsegments_linear_d0-1_rips2_sigauto_alpha0p01_ALLcells_psl.npy
Block shape (scale=37, k=20): (1018, 100), dims_use=(0, 1)

Loading PSL features for scale=37, k=30, alpha=0.01 ...
[load merged] ./psl_eigs/GSE75748cell/GSE75748cell_distchordal_scale37_k30_pca50_umap20_meteuc_md0p4_normmax_f10_patsegments_linear_d0-1_rips2_sigauto_alpha0p01_ALLcells_psl.npy
Block shape (scale=37, k=30): (1018, 100), dims_use=(0, 1)

Loading PSL features for scale=37, k=40, alpha=0.01 ...
[load merged] ./psl_eigs/GSE75748cell/GSE75748cell_distchordal_scale37_k40_pca50_umap20_meteuc_md0p4_normmax_f10_patsegments_linear_d0-1_rips2_sigauto_alpha0p01_ALLcells_psl.npy
Block shape (scale=37, k=40): (1018, 100), dims_use=(0, 1)

Loading PSL features for scale=37, k=50, alpha=0.01 ...
[load merged] ./psl_eigs/GSE75748cell/GSE75748cell_distchordal_scale37_k50_pca50_umap20_meteuc_md0p4_normmax_f10_patsegments_linear_d0-1_rips2_sigauto_alpha0p01_ALLcells_psl.npy
Block shape (scale=37, k=50): (1018, 100), dims_use=(0, 1)

Loading PSL features for scale=37, k=60, alpha=0.01 ...
[load merged] ./psl_eigs/GSE75748cell/GSE75748cell_distchordal_scale37_k60_pca50_umap20_meteuc_md0p4_normmax_f10_patsegments_linear_d0-1_rips2_sigauto_alpha0p01_ALLcells_psl.npy
Block shape (scale=37, k=60): (1018, 100), dims_use=(0, 1)

Loading PSL features for scale=37, k=70, alpha=0.01 ...
[load merged] ./psl_eigs/GSE75748cell/GSE75748cell_distchordal_scale37_k70_pca50_umap20_meteuc_md0p4_normmax_f10_patsegments_linear_d0-1_rips2_sigauto_alpha0p01_ALLcells_psl.npy
Block shape (scale=37, k=70): (1018, 100), dims_use=(0, 1)

Loading PSL features for scale=37, k=80, alpha=0.01 ...
[load merged] ./psl_eigs/GSE75748cell/GSE75748cell_distchordal_scale37_k80_pca50_umap20_meteuc_md0p4_normmax_f10_patsegments_linear_d0-1_rips2_sigauto_alpha0p01_ALLcells_psl.npy
Block shape (scale=37, k=80): (1018, 100), dims_use=(0, 1)

Loading PSL features for scale=50, k=5, alpha=0.01 ...
[load merged] ./psl_eigs/GSE75748cell/GSE75748cell_distchordal_scale50_k5_pca50_umap20_meteuc_md0p4_normmax_f10_patsegments_linear_d0-1_rips2_sigauto_alpha0p01_ALLcells_psl.npy
Block shape (scale=50, k=5): (1018, 100), dims_use=(0, 1)

Loading PSL features for scale=50, k=10, alpha=0.01 ...
[load merged] ./psl_eigs/GSE75748cell/GSE75748cell_distchordal_scale50_k10_pca50_umap20_meteuc_md0p4_normmax_f10_patsegments_linear_d0-1_rips2_sigauto_alpha0p01_ALLcells_psl.npy
Block shape (scale=50, k=10): (1018, 100), dims_use=(0, 1)

Loading PSL features for scale=50, k=15, alpha=0.01 ...
[load merged] ./psl_eigs/GSE75748cell/GSE75748cell_distchordal_scale50_k15_pca50_umap20_meteuc_md0p4_normmax_f10_patsegments_linear_d0-1_rips2_sigauto_alpha0p01_ALLcells_psl.npy
Block shape (scale=50, k=15): (1018, 100), dims_use=(0, 1)

Loading PSL features for scale=50, k=20, alpha=0.01 ...
[load merged] ./psl_eigs/GSE75748cell/GSE75748cell_distchordal_scale50_k20_pca50_umap20_meteuc_md0p4_normmax_f10_patsegments_linear_d0-1_rips2_sigauto_alpha0p01_ALLcells_psl.npy
Block shape (scale=50, k=20): (1018, 100), dims_use=(0, 1)

Loading PSL features for scale=50, k=30, alpha=0.01 ...
[load merged] ./psl_eigs/GSE75748cell/GSE75748cell_distchordal_scale50_k30_pca50_umap20_meteuc_md0p4_normmax_f10_patsegments_linear_d0-1_rips2_sigauto_alpha0p01_ALLcells_psl.npy
Block shape (scale=50, k=30): (1018, 100), dims_use=(0, 1)

Loading PSL features for scale=50, k=40, alpha=0.01 ...
[load merged] ./psl_eigs/GSE75748cell/GSE75748cell_distchordal_scale50_k40_pca50_umap20_meteuc_md0p4_normmax_f10_patsegments_linear_d0-1_rips2_sigauto_alpha0p01_ALLcells_psl.npy
Block shape (scale=50, k=40): (1018, 100), dims_use=(0, 1)

Loading PSL features for scale=50, k=50, alpha=0.01 ...
[load merged] ./psl_eigs/GSE75748cell/GSE75748cell_distchordal_scale50_k50_pca50_umap20_meteuc_md0p4_normmax_f10_patsegments_linear_d0-1_rips2_sigauto_alpha0p01_ALLcells_psl.npy
Block shape (scale=50, k=50): (1018, 100), dims_use=(0, 1)

Loading PSL features for scale=50, k=60, alpha=0.01 ...
[load merged] ./psl_eigs/GSE75748cell/GSE75748cell_distchordal_scale50_k60_pca50_umap20_meteuc_md0p4_normmax_f10_patsegments_linear_d0-1_rips2_sigauto_alpha0p01_ALLcells_psl.npy
Block shape (scale=50, k=60): (1018, 100), dims_use=(0, 1)

Loading PSL features for scale=50, k=70, alpha=0.01 ...
[load merged] ./psl_eigs/GSE75748cell/GSE75748cell_distchordal_scale50_k70_pca50_umap20_meteuc_md0p4_normmax_f10_patsegments_linear_d0-1_rips2_sigauto_alpha0p01_ALLcells_psl.npy
Block shape (scale=50, k=70): (1018, 100), dims_use=(0, 1)

Loading PSL features for scale=50, k=80, alpha=0.01 ...
[load merged] ./psl_eigs/GSE75748cell/GSE75748cell_distchordal_scale50_k80_pca50_umap20_meteuc_md0p4_normmax_f10_patsegments_linear_d0-1_rips2_sigauto_alpha0p01_ALLcells_psl.npy
Block shape (scale=50, k=80): (1018, 100), dims_use=(0, 1)

Final PSL feature matrix shape: (1018, 5000)
Unique classes: [0 1 2 3 4 5 6]

=== Fold 1/5 ===
Fold 1 balanced acc:     0.9833
Fold 1 accuracy:         0.9902
Fold 1 macro F1:         0.9875
Fold 1 weighted F1:      0.9901
Fold 1 macro recall:     0.9833
Fold 1 MCC:              0.9885
Fold 1 Macro-AUC (OVR):  1.0000
Fold classification report:
              precision    recall  f1-score   support

           0       0.97      1.00      0.99        33
           1       1.00      0.95      0.98        22
           2       1.00      1.00      1.00        30
           3       1.00      1.00      1.00        31
           4       1.00      1.00      1.00        33
           5       0.98      1.00      0.99        41
           6       1.00      0.93      0.96        14

    accuracy                           0.99       204
   macro avg       0.99      0.98      0.99       204
weighted avg       0.99      0.99      0.99       204


=== Fold 2/5 ===
Fold 2 balanced acc:     1.0000
Fold 2 accuracy:         1.0000
Fold 2 macro F1:         1.0000
Fold 2 weighted F1:      1.0000
Fold 2 macro recall:     1.0000
Fold 2 MCC:              1.0000
Fold 2 Macro-AUC (OVR):  1.0000
Fold classification report:
              precision    recall  f1-score   support

           0       1.00      1.00      1.00        26
           1       1.00      1.00      1.00        15
           2       1.00      1.00      1.00        50
           3       1.00      1.00      1.00        42
           4       1.00      1.00      1.00        26
           5       1.00      1.00      1.00        31
           6       1.00      1.00      1.00        14

    accuracy                           1.00       204
   macro avg       1.00      1.00      1.00       204
weighted avg       1.00      1.00      1.00       204


=== Fold 3/5 ===
Fold 3 balanced acc:     0.9916
Fold 3 accuracy:         0.9902
Fold 3 macro F1:         0.9892
Fold 3 weighted F1:      0.9902
Fold 3 macro recall:     0.9916
Fold 3 MCC:              0.9885
Fold 3 Macro-AUC (OVR):  0.9999
Fold classification report:
              precision    recall  f1-score   support

           0       1.00      1.00      1.00        31
           1       1.00      1.00      1.00        21
           2       1.00      0.98      0.99        43
           3       1.00      1.00      1.00        29
           4       0.97      1.00      0.99        37
           5       1.00      0.96      0.98        28
           6       0.94      1.00      0.97        15

    accuracy                           0.99       204
   macro avg       0.99      0.99      0.99       204
weighted avg       0.99      0.99      0.99       204


=== Fold 4/5 ===
Fold 4 balanced acc:     0.9898
Fold 4 accuracy:         0.9901
Fold 4 macro F1:         0.9906
Fold 4 weighted F1:      0.9901
Fold 4 macro recall:     0.9898
Fold 4 MCC:              0.9884
Fold 4 Macro-AUC (OVR):  0.9974
Fold classification report:
              precision    recall  f1-score   support

           0       1.00      0.96      0.98        27
           1       1.00      1.00      1.00        22
           2       0.98      1.00      0.99        40
           3       0.97      0.97      0.97        29
           4       1.00      1.00      1.00        33
           5       1.00      1.00      1.00        38
           6       1.00      1.00      1.00        14

    accuracy                           0.99       203
   macro avg       0.99      0.99      0.99       203
weighted avg       0.99      0.99      0.99       203


=== Fold 5/5 ===
Fold 5 balanced acc:     0.9828
Fold 5 accuracy:         0.9803
Fold 5 macro F1:         0.9823
Fold 5 weighted F1:      0.9802
Fold 5 macro recall:     0.9828
Fold 5 MCC:              0.9765
Fold 5 Macro-AUC (OVR):  0.9948
Fold classification report:
              precision    recall  f1-score   support

           0       1.00      0.95      0.98        21
           1       0.96      1.00      0.98        25
           2       0.98      0.96      0.97        49
           3       0.97      0.97      0.97        31
           4       0.97      1.00      0.98        30
           5       1.00      1.00      1.00        35
           6       1.00      1.00      1.00        12

    accuracy                           0.98       203
   macro avg       0.98      0.98      0.98       203
weighted avg       0.98      0.98      0.98       203


===== 5-fold Cross-Validation Summary =====
Balanced Accuracy:  0.9895 ± 0.0063
Accuracy:           0.9902 ± 0.0062
Macro F1:           0.9899 ± 0.0058
Weighted F1:        0.9901 ± 0.0062
Macro recall:       0.9895 ± 0.0063
MCC:                0.9884 ± 0.0074
Macro-AUC (OVR):    0.9984 ± 0.0020

Average confusion matrix over folds (rows=true, cols=pred):
[[27.2  0.2  0.   0.2  0.   0.   0. ]
 [ 0.2 20.8  0.   0.   0.   0.   0. ]
 [ 0.   0.  41.8  0.2  0.4  0.   0. ]
 [ 0.   0.   0.4 32.   0.   0.   0. ]
 [ 0.   0.   0.   0.  31.8  0.   0. ]
 [ 0.   0.   0.   0.   0.  34.4  0.2]
 [ 0.   0.   0.   0.   0.   0.2 13.6]]

===== Parameter Summary for This Run =====

--- PSL / Geometry Parameters ---
DATA_NAME            = GSE75748cell
PCA_N_COMPONENTS     = 50
UMAP_N_COMPONENTS    = 20
UMAP_METRIC          = euclidean
UMAP_MIN_DIST        = 0.4
NORMALIZE_METHOD     = max
N_FILTRATIONS        = 10
FILTRATION_PATTERN   = segments_linear
PSL_DIMS             = (0, 1)
RIPS_MAX_DIM         = 2
PSL_SIGMA            = None
SCALES (list)        = [5, 14, 25, 37, 50]
K_LIST               = [5, 10, 15, 20, 30, 40, 50, 60, 70, 80]
DIMS_USE             = (0, 1)
STATS_PER_DIM        = {0: [0, 1, 2, 3, 4], 1: [0, 1, 2, 3, 4]}
DIST_TAG             = chordal
ALPHA                = 0.01

--- Gradient Boosting (GBDT) Parameters ---
ccp_alpha            = 0.0
criterion            = friedman_mse
init                 = None
learning_rate        = 0.002
loss                 = log_loss
max_depth            = 7
max_features         = sqrt
max_leaf_nodes       = None
min_impurity_decrease = 0.0
min_samples_leaf     = 1
min_samples_split    = 5
min_weight_fraction_leaf = 0.0
n_estimators         = 2000
n_iter_no_change     = None
random_state         = 0
subsample            = 0.8
tol                  = 0.0001
validation_fraction  = 0.1
verbose              = 0
warm_start           = False
