Python used: /mnt/home/wangx306/conda3/envs/petlsenv/bin/python
Numpy version: 2.3.4
Loaded data: GSE84133mouse2
X_raw shape: (1064, 14878) y shape: (1064,)

Loading PSL features for scale=5, k=5, alpha=0.01 ...
[load merged] ./psl_eigs/GSE84133mouse2/GSE84133mouse2_distchordal_scale5_k5_pca50_umap20_meteuc_md0p4_normmax_f10_patsegments_linear_d0-1_rips2_sigauto_alpha0p01_ALLcells_psl.npy
Block shape (scale=5, k=5): (1064, 100), dims_use=(0, 1)

Loading PSL features for scale=5, k=10, alpha=0.01 ...
[load merged] ./psl_eigs/GSE84133mouse2/GSE84133mouse2_distchordal_scale5_k10_pca50_umap20_meteuc_md0p4_normmax_f10_patsegments_linear_d0-1_rips2_sigauto_alpha0p01_ALLcells_psl.npy
Block shape (scale=5, k=10): (1064, 100), dims_use=(0, 1)

Loading PSL features for scale=5, k=15, alpha=0.01 ...
[load merged] ./psl_eigs/GSE84133mouse2/GSE84133mouse2_distchordal_scale5_k15_pca50_umap20_meteuc_md0p4_normmax_f10_patsegments_linear_d0-1_rips2_sigauto_alpha0p01_ALLcells_psl.npy
Block shape (scale=5, k=15): (1064, 100), dims_use=(0, 1)

Loading PSL features for scale=5, k=20, alpha=0.01 ...
[load merged] ./psl_eigs/GSE84133mouse2/GSE84133mouse2_distchordal_scale5_k20_pca50_umap20_meteuc_md0p4_normmax_f10_patsegments_linear_d0-1_rips2_sigauto_alpha0p01_ALLcells_psl.npy
Block shape (scale=5, k=20): (1064, 100), dims_use=(0, 1)

Loading PSL features for scale=5, k=30, alpha=0.01 ...
[load merged] ./psl_eigs/GSE84133mouse2/GSE84133mouse2_distchordal_scale5_k30_pca50_umap20_meteuc_md0p4_normmax_f10_patsegments_linear_d0-1_rips2_sigauto_alpha0p01_ALLcells_psl.npy
Block shape (scale=5, k=30): (1064, 100), dims_use=(0, 1)

Loading PSL features for scale=5, k=40, alpha=0.01 ...
[load merged] ./psl_eigs/GSE84133mouse2/GSE84133mouse2_distchordal_scale5_k40_pca50_umap20_meteuc_md0p4_normmax_f10_patsegments_linear_d0-1_rips2_sigauto_alpha0p01_ALLcells_psl.npy
Block shape (scale=5, k=40): (1064, 100), dims_use=(0, 1)

Loading PSL features for scale=5, k=50, alpha=0.01 ...
[load merged] ./psl_eigs/GSE84133mouse2/GSE84133mouse2_distchordal_scale5_k50_pca50_umap20_meteuc_md0p4_normmax_f10_patsegments_linear_d0-1_rips2_sigauto_alpha0p01_ALLcells_psl.npy
Block shape (scale=5, k=50): (1064, 100), dims_use=(0, 1)

Loading PSL features for scale=5, k=60, alpha=0.01 ...
[load merged] ./psl_eigs/GSE84133mouse2/GSE84133mouse2_distchordal_scale5_k60_pca50_umap20_meteuc_md0p4_normmax_f10_patsegments_linear_d0-1_rips2_sigauto_alpha0p01_ALLcells_psl.npy
Block shape (scale=5, k=60): (1064, 100), dims_use=(0, 1)

Loading PSL features for scale=5, k=70, alpha=0.01 ...
[load merged] ./psl_eigs/GSE84133mouse2/GSE84133mouse2_distchordal_scale5_k70_pca50_umap20_meteuc_md0p4_normmax_f10_patsegments_linear_d0-1_rips2_sigauto_alpha0p01_ALLcells_psl.npy
Block shape (scale=5, k=70): (1064, 100), dims_use=(0, 1)

Loading PSL features for scale=5, k=80, alpha=0.01 ...
[load merged] ./psl_eigs/GSE84133mouse2/GSE84133mouse2_distchordal_scale5_k80_pca50_umap20_meteuc_md0p4_normmax_f10_patsegments_linear_d0-1_rips2_sigauto_alpha0p01_ALLcells_psl.npy
Block shape (scale=5, k=80): (1064, 100), dims_use=(0, 1)

Loading PSL features for scale=14, k=5, alpha=0.01 ...
[load merged] ./psl_eigs/GSE84133mouse2/GSE84133mouse2_distchordal_scale14_k5_pca50_umap20_meteuc_md0p4_normmax_f10_patsegments_linear_d0-1_rips2_sigauto_alpha0p01_ALLcells_psl.npy
Block shape (scale=14, k=5): (1064, 100), dims_use=(0, 1)

Loading PSL features for scale=14, k=10, alpha=0.01 ...
[load merged] ./psl_eigs/GSE84133mouse2/GSE84133mouse2_distchordal_scale14_k10_pca50_umap20_meteuc_md0p4_normmax_f10_patsegments_linear_d0-1_rips2_sigauto_alpha0p01_ALLcells_psl.npy
Block shape (scale=14, k=10): (1064, 100), dims_use=(0, 1)

Loading PSL features for scale=14, k=15, alpha=0.01 ...
[load merged] ./psl_eigs/GSE84133mouse2/GSE84133mouse2_distchordal_scale14_k15_pca50_umap20_meteuc_md0p4_normmax_f10_patsegments_linear_d0-1_rips2_sigauto_alpha0p01_ALLcells_psl.npy
Block shape (scale=14, k=15): (1064, 100), dims_use=(0, 1)

Loading PSL features for scale=14, k=20, alpha=0.01 ...
[load merged] ./psl_eigs/GSE84133mouse2/GSE84133mouse2_distchordal_scale14_k20_pca50_umap20_meteuc_md0p4_normmax_f10_patsegments_linear_d0-1_rips2_sigauto_alpha0p01_ALLcells_psl.npy
Block shape (scale=14, k=20): (1064, 100), dims_use=(0, 1)

Loading PSL features for scale=14, k=30, alpha=0.01 ...
[load merged] ./psl_eigs/GSE84133mouse2/GSE84133mouse2_distchordal_scale14_k30_pca50_umap20_meteuc_md0p4_normmax_f10_patsegments_linear_d0-1_rips2_sigauto_alpha0p01_ALLcells_psl.npy
Block shape (scale=14, k=30): (1064, 100), dims_use=(0, 1)

Loading PSL features for scale=14, k=40, alpha=0.01 ...
[load merged] ./psl_eigs/GSE84133mouse2/GSE84133mouse2_distchordal_scale14_k40_pca50_umap20_meteuc_md0p4_normmax_f10_patsegments_linear_d0-1_rips2_sigauto_alpha0p01_ALLcells_psl.npy
Block shape (scale=14, k=40): (1064, 100), dims_use=(0, 1)

Loading PSL features for scale=14, k=50, alpha=0.01 ...
[load merged] ./psl_eigs/GSE84133mouse2/GSE84133mouse2_distchordal_scale14_k50_pca50_umap20_meteuc_md0p4_normmax_f10_patsegments_linear_d0-1_rips2_sigauto_alpha0p01_ALLcells_psl.npy
Block shape (scale=14, k=50): (1064, 100), dims_use=(0, 1)

Loading PSL features for scale=14, k=60, alpha=0.01 ...
[load merged] ./psl_eigs/GSE84133mouse2/GSE84133mouse2_distchordal_scale14_k60_pca50_umap20_meteuc_md0p4_normmax_f10_patsegments_linear_d0-1_rips2_sigauto_alpha0p01_ALLcells_psl.npy
Block shape (scale=14, k=60): (1064, 100), dims_use=(0, 1)

Loading PSL features for scale=14, k=70, alpha=0.01 ...
[load merged] ./psl_eigs/GSE84133mouse2/GSE84133mouse2_distchordal_scale14_k70_pca50_umap20_meteuc_md0p4_normmax_f10_patsegments_linear_d0-1_rips2_sigauto_alpha0p01_ALLcells_psl.npy
Block shape (scale=14, k=70): (1064, 100), dims_use=(0, 1)

Loading PSL features for scale=14, k=80, alpha=0.01 ...
[load merged] ./psl_eigs/GSE84133mouse2/GSE84133mouse2_distchordal_scale14_k80_pca50_umap20_meteuc_md0p4_normmax_f10_patsegments_linear_d0-1_rips2_sigauto_alpha0p01_ALLcells_psl.npy
Block shape (scale=14, k=80): (1064, 100), dims_use=(0, 1)

Loading PSL features for scale=25, k=5, alpha=0.01 ...
[load merged] ./psl_eigs/GSE84133mouse2/GSE84133mouse2_distchordal_scale25_k5_pca50_umap20_meteuc_md0p4_normmax_f10_patsegments_linear_d0-1_rips2_sigauto_alpha0p01_ALLcells_psl.npy
Block shape (scale=25, k=5): (1064, 100), dims_use=(0, 1)

Loading PSL features for scale=25, k=10, alpha=0.01 ...
[load merged] ./psl_eigs/GSE84133mouse2/GSE84133mouse2_distchordal_scale25_k10_pca50_umap20_meteuc_md0p4_normmax_f10_patsegments_linear_d0-1_rips2_sigauto_alpha0p01_ALLcells_psl.npy
Block shape (scale=25, k=10): (1064, 100), dims_use=(0, 1)

Loading PSL features for scale=25, k=15, alpha=0.01 ...
[load merged] ./psl_eigs/GSE84133mouse2/GSE84133mouse2_distchordal_scale25_k15_pca50_umap20_meteuc_md0p4_normmax_f10_patsegments_linear_d0-1_rips2_sigauto_alpha0p01_ALLcells_psl.npy
Block shape (scale=25, k=15): (1064, 100), dims_use=(0, 1)

Loading PSL features for scale=25, k=20, alpha=0.01 ...
[load merged] ./psl_eigs/GSE84133mouse2/GSE84133mouse2_distchordal_scale25_k20_pca50_umap20_meteuc_md0p4_normmax_f10_patsegments_linear_d0-1_rips2_sigauto_alpha0p01_ALLcells_psl.npy
Block shape (scale=25, k=20): (1064, 100), dims_use=(0, 1)

Loading PSL features for scale=25, k=30, alpha=0.01 ...
[load merged] ./psl_eigs/GSE84133mouse2/GSE84133mouse2_distchordal_scale25_k30_pca50_umap20_meteuc_md0p4_normmax_f10_patsegments_linear_d0-1_rips2_sigauto_alpha0p01_ALLcells_psl.npy
Block shape (scale=25, k=30): (1064, 100), dims_use=(0, 1)

Loading PSL features for scale=25, k=40, alpha=0.01 ...
[load merged] ./psl_eigs/GSE84133mouse2/GSE84133mouse2_distchordal_scale25_k40_pca50_umap20_meteuc_md0p4_normmax_f10_patsegments_linear_d0-1_rips2_sigauto_alpha0p01_ALLcells_psl.npy
Block shape (scale=25, k=40): (1064, 100), dims_use=(0, 1)

Loading PSL features for scale=25, k=50, alpha=0.01 ...
[load merged] ./psl_eigs/GSE84133mouse2/GSE84133mouse2_distchordal_scale25_k50_pca50_umap20_meteuc_md0p4_normmax_f10_patsegments_linear_d0-1_rips2_sigauto_alpha0p01_ALLcells_psl.npy
Block shape (scale=25, k=50): (1064, 100), dims_use=(0, 1)

Loading PSL features for scale=25, k=60, alpha=0.01 ...
[load merged] ./psl_eigs/GSE84133mouse2/GSE84133mouse2_distchordal_scale25_k60_pca50_umap20_meteuc_md0p4_normmax_f10_patsegments_linear_d0-1_rips2_sigauto_alpha0p01_ALLcells_psl.npy
Block shape (scale=25, k=60): (1064, 100), dims_use=(0, 1)

Loading PSL features for scale=25, k=70, alpha=0.01 ...
[load merged] ./psl_eigs/GSE84133mouse2/GSE84133mouse2_distchordal_scale25_k70_pca50_umap20_meteuc_md0p4_normmax_f10_patsegments_linear_d0-1_rips2_sigauto_alpha0p01_ALLcells_psl.npy
Block shape (scale=25, k=70): (1064, 100), dims_use=(0, 1)

Loading PSL features for scale=25, k=80, alpha=0.01 ...
[load merged] ./psl_eigs/GSE84133mouse2/GSE84133mouse2_distchordal_scale25_k80_pca50_umap20_meteuc_md0p4_normmax_f10_patsegments_linear_d0-1_rips2_sigauto_alpha0p01_ALLcells_psl.npy
Block shape (scale=25, k=80): (1064, 100), dims_use=(0, 1)

Loading PSL features for scale=37, k=5, alpha=0.01 ...
[load merged] ./psl_eigs/GSE84133mouse2/GSE84133mouse2_distchordal_scale37_k5_pca50_umap20_meteuc_md0p4_normmax_f10_patsegments_linear_d0-1_rips2_sigauto_alpha0p01_ALLcells_psl.npy
Block shape (scale=37, k=5): (1064, 100), dims_use=(0, 1)

Loading PSL features for scale=37, k=10, alpha=0.01 ...
[load merged] ./psl_eigs/GSE84133mouse2/GSE84133mouse2_distchordal_scale37_k10_pca50_umap20_meteuc_md0p4_normmax_f10_patsegments_linear_d0-1_rips2_sigauto_alpha0p01_ALLcells_psl.npy
Block shape (scale=37, k=10): (1064, 100), dims_use=(0, 1)

Loading PSL features for scale=37, k=15, alpha=0.01 ...
[load merged] ./psl_eigs/GSE84133mouse2/GSE84133mouse2_distchordal_scale37_k15_pca50_umap20_meteuc_md0p4_normmax_f10_patsegments_linear_d0-1_rips2_sigauto_alpha0p01_ALLcells_psl.npy
Block shape (scale=37, k=15): (1064, 100), dims_use=(0, 1)

Loading PSL features for scale=37, k=20, alpha=0.01 ...
[load merged] ./psl_eigs/GSE84133mouse2/GSE84133mouse2_distchordal_scale37_k20_pca50_umap20_meteuc_md0p4_normmax_f10_patsegments_linear_d0-1_rips2_sigauto_alpha0p01_ALLcells_psl.npy
Block shape (scale=37, k=20): (1064, 100), dims_use=(0, 1)

Loading PSL features for scale=37, k=30, alpha=0.01 ...
[load merged] ./psl_eigs/GSE84133mouse2/GSE84133mouse2_distchordal_scale37_k30_pca50_umap20_meteuc_md0p4_normmax_f10_patsegments_linear_d0-1_rips2_sigauto_alpha0p01_ALLcells_psl.npy
Block shape (scale=37, k=30): (1064, 100), dims_use=(0, 1)

Loading PSL features for scale=37, k=40, alpha=0.01 ...
[load merged] ./psl_eigs/GSE84133mouse2/GSE84133mouse2_distchordal_scale37_k40_pca50_umap20_meteuc_md0p4_normmax_f10_patsegments_linear_d0-1_rips2_sigauto_alpha0p01_ALLcells_psl.npy
Block shape (scale=37, k=40): (1064, 100), dims_use=(0, 1)

Loading PSL features for scale=37, k=50, alpha=0.01 ...
[load merged] ./psl_eigs/GSE84133mouse2/GSE84133mouse2_distchordal_scale37_k50_pca50_umap20_meteuc_md0p4_normmax_f10_patsegments_linear_d0-1_rips2_sigauto_alpha0p01_ALLcells_psl.npy
Block shape (scale=37, k=50): (1064, 100), dims_use=(0, 1)

Loading PSL features for scale=37, k=60, alpha=0.01 ...
[load merged] ./psl_eigs/GSE84133mouse2/GSE84133mouse2_distchordal_scale37_k60_pca50_umap20_meteuc_md0p4_normmax_f10_patsegments_linear_d0-1_rips2_sigauto_alpha0p01_ALLcells_psl.npy
Block shape (scale=37, k=60): (1064, 100), dims_use=(0, 1)

Loading PSL features for scale=37, k=70, alpha=0.01 ...
[load merged] ./psl_eigs/GSE84133mouse2/GSE84133mouse2_distchordal_scale37_k70_pca50_umap20_meteuc_md0p4_normmax_f10_patsegments_linear_d0-1_rips2_sigauto_alpha0p01_ALLcells_psl.npy
Block shape (scale=37, k=70): (1064, 100), dims_use=(0, 1)

Loading PSL features for scale=37, k=80, alpha=0.01 ...
[load merged] ./psl_eigs/GSE84133mouse2/GSE84133mouse2_distchordal_scale37_k80_pca50_umap20_meteuc_md0p4_normmax_f10_patsegments_linear_d0-1_rips2_sigauto_alpha0p01_ALLcells_psl.npy
Block shape (scale=37, k=80): (1064, 100), dims_use=(0, 1)

Loading PSL features for scale=50, k=5, alpha=0.01 ...
[load merged] ./psl_eigs/GSE84133mouse2/GSE84133mouse2_distchordal_scale50_k5_pca50_umap20_meteuc_md0p4_normmax_f10_patsegments_linear_d0-1_rips2_sigauto_alpha0p01_ALLcells_psl.npy
Block shape (scale=50, k=5): (1064, 100), dims_use=(0, 1)

Loading PSL features for scale=50, k=10, alpha=0.01 ...
[load merged] ./psl_eigs/GSE84133mouse2/GSE84133mouse2_distchordal_scale50_k10_pca50_umap20_meteuc_md0p4_normmax_f10_patsegments_linear_d0-1_rips2_sigauto_alpha0p01_ALLcells_psl.npy
Block shape (scale=50, k=10): (1064, 100), dims_use=(0, 1)

Loading PSL features for scale=50, k=15, alpha=0.01 ...
[load merged] ./psl_eigs/GSE84133mouse2/GSE84133mouse2_distchordal_scale50_k15_pca50_umap20_meteuc_md0p4_normmax_f10_patsegments_linear_d0-1_rips2_sigauto_alpha0p01_ALLcells_psl.npy
Block shape (scale=50, k=15): (1064, 100), dims_use=(0, 1)

Loading PSL features for scale=50, k=20, alpha=0.01 ...
[load merged] ./psl_eigs/GSE84133mouse2/GSE84133mouse2_distchordal_scale50_k20_pca50_umap20_meteuc_md0p4_normmax_f10_patsegments_linear_d0-1_rips2_sigauto_alpha0p01_ALLcells_psl.npy
Block shape (scale=50, k=20): (1064, 100), dims_use=(0, 1)

Loading PSL features for scale=50, k=30, alpha=0.01 ...
[load merged] ./psl_eigs/GSE84133mouse2/GSE84133mouse2_distchordal_scale50_k30_pca50_umap20_meteuc_md0p4_normmax_f10_patsegments_linear_d0-1_rips2_sigauto_alpha0p01_ALLcells_psl.npy
Block shape (scale=50, k=30): (1064, 100), dims_use=(0, 1)

Loading PSL features for scale=50, k=40, alpha=0.01 ...
[load merged] ./psl_eigs/GSE84133mouse2/GSE84133mouse2_distchordal_scale50_k40_pca50_umap20_meteuc_md0p4_normmax_f10_patsegments_linear_d0-1_rips2_sigauto_alpha0p01_ALLcells_psl.npy
Block shape (scale=50, k=40): (1064, 100), dims_use=(0, 1)

Loading PSL features for scale=50, k=50, alpha=0.01 ...
[load merged] ./psl_eigs/GSE84133mouse2/GSE84133mouse2_distchordal_scale50_k50_pca50_umap20_meteuc_md0p4_normmax_f10_patsegments_linear_d0-1_rips2_sigauto_alpha0p01_ALLcells_psl.npy
Block shape (scale=50, k=50): (1064, 100), dims_use=(0, 1)

Loading PSL features for scale=50, k=60, alpha=0.01 ...
[load merged] ./psl_eigs/GSE84133mouse2/GSE84133mouse2_distchordal_scale50_k60_pca50_umap20_meteuc_md0p4_normmax_f10_patsegments_linear_d0-1_rips2_sigauto_alpha0p01_ALLcells_psl.npy
Block shape (scale=50, k=60): (1064, 100), dims_use=(0, 1)

Loading PSL features for scale=50, k=70, alpha=0.01 ...
[load merged] ./psl_eigs/GSE84133mouse2/GSE84133mouse2_distchordal_scale50_k70_pca50_umap20_meteuc_md0p4_normmax_f10_patsegments_linear_d0-1_rips2_sigauto_alpha0p01_ALLcells_psl.npy
Block shape (scale=50, k=70): (1064, 100), dims_use=(0, 1)

Loading PSL features for scale=50, k=80, alpha=0.01 ...
[load merged] ./psl_eigs/GSE84133mouse2/GSE84133mouse2_distchordal_scale50_k80_pca50_umap20_meteuc_md0p4_normmax_f10_patsegments_linear_d0-1_rips2_sigauto_alpha0p01_ALLcells_psl.npy
Block shape (scale=50, k=80): (1064, 100), dims_use=(0, 1)

Final PSL feature matrix shape: (1064, 5000)
Unique classes: [ 0  1  2  3  4  5  6  7  8  9 10 11 12]

=== Fold 1/5 ===
Fold 1 balanced acc:     0.9915
Fold 1 accuracy:         0.9901
Fold 1 macro F1:         0.9941
Fold 1 weighted F1:      0.9901
Fold 1 macro recall:     0.9915
Fold 1 MCC:              0.9846
Fold 1 Macro-AUC (OVR):  0.9994
Fold classification report:
              precision    recall  f1-score   support

           3       1.00      0.95      0.97        39
           4       0.98      1.00      0.99       112
           5       1.00      1.00      1.00        25
           6       1.00      1.00      1.00        11
           7       1.00      1.00      1.00        11
          10       1.00      1.00      1.00         5

    accuracy                           0.99       203
   macro avg       1.00      0.99      0.99       203
weighted avg       0.99      0.99      0.99       203


=== Fold 2/5 ===
Fold 2 balanced acc:     0.9662
Fold 2 accuracy:         0.9657
Fold 2 macro F1:         0.9604
Fold 2 weighted F1:      0.9658
Fold 2 macro recall:     0.9662
Fold 2 MCC:              0.9486
Fold 2 Macro-AUC (OVR):  0.9920
Fold classification report:
              precision    recall  f1-score   support

           3       0.94      0.94      0.94        33
           4       0.99      0.97      0.98       109
           5       0.93      0.96      0.95        27
           6       1.00      1.00      1.00         7
           7       0.94      1.00      0.97        15
           8       0.89      0.89      0.89         9
          11       1.00      1.00      1.00         4

    accuracy                           0.97       204
   macro avg       0.96      0.97      0.96       204
weighted avg       0.97      0.97      0.97       204


=== Fold 3/5 ===
Fold 3 balanced acc:     0.9830
Fold 3 accuracy:         0.9806
Fold 3 macro F1:         0.9789
Fold 3 weighted F1:      0.9809
Fold 3 macro recall:     0.9830
Fold 3 MCC:              0.9688
Fold 3 Macro-AUC (OVR):  0.9984
Fold classification report:
              precision    recall  f1-score   support

           3       0.97      1.00      0.99        39
           4       1.00      0.97      0.99       120
           5       0.88      1.00      0.94        23
           6       1.00      1.00      1.00         5
           7       1.00      0.92      0.96        13
           8       1.00      1.00      1.00         6

    accuracy                           0.98       206
   macro avg       0.98      0.98      0.98       206
weighted avg       0.98      0.98      0.98       206


=== Fold 4/5 ===
Fold 4 balanced acc:     0.9702
Fold 4 accuracy:         0.9803
Fold 4 macro F1:         0.9786
Fold 4 weighted F1:      0.9800
Fold 4 macro recall:     0.9702
Fold 4 MCC:              0.9704
Fold 4 Macro-AUC (OVR):  0.9953
Fold classification report:
              precision    recall  f1-score   support

           3       0.94      1.00      0.97        34
           4       0.98      0.99      0.99       107
           5       1.00      0.97      0.98        31
           6       1.00      1.00      1.00         7
           7       1.00      0.83      0.91        12
          10       1.00      1.00      1.00         5
          11       1.00      1.00      1.00         7

    accuracy                           0.98       203
   macro avg       0.99      0.97      0.98       203
weighted avg       0.98      0.98      0.98       203


=== Fold 5/5 ===
Fold 5 balanced acc:     0.9219
Fold 5 accuracy:         0.9657
Fold 5 macro F1:         0.9334
Fold 5 weighted F1:      0.9642
Fold 5 macro recall:     0.9219
Fold 5 MCC:              0.9501
Fold 5 Macro-AUC (OVR):  0.9792
Fold classification report:
              precision    recall  f1-score   support

           3       0.93      1.00      0.96        37
           4       0.99      0.99      0.99       103
           5       0.96      0.96      0.96        27
           6       0.90      1.00      0.95         9
           7       0.93      0.88      0.90        16
           8       1.00      0.62      0.77         8
          10       1.00      1.00      1.00         4

    accuracy                           0.97       204
   macro avg       0.96      0.92      0.93       204
weighted avg       0.97      0.97      0.96       204


===== 5-fold Cross-Validation Summary =====
Balanced Accuracy:  0.9666 ± 0.0241
Accuracy:           0.9765 ± 0.0095
Macro F1:           0.9691 ± 0.0208
Weighted F1:        0.9762 ± 0.0098
Macro recall:       0.9666 ± 0.0241
MCC:                0.9645 ± 0.0135
Macro-AUC (OVR):    0.9929 ± 0.0073

Average confusion matrix over folds (rows=true, cols=pred):
[[  0.    0.    0.    0.    0.    0.    0.    0.    0.    0.    0.    0.
    0. ]
 [  0.    0.    0.    0.    0.    0.    0.    0.    0.    0.    0.    0.
    0. ]
 [  0.    0.    0.    0.    0.    0.    0.    0.    0.    0.    0.    0.
    0. ]
 [  0.    0.    0.   35.6   0.6   0.    0.    0.2   0.    0.    0.    0.
    0. ]
 [  0.    0.    0.    0.6 108.6   0.8   0.    0.2   0.    0.    0.    0.
    0. ]
 [  0.    0.    0.    0.4   0.   26.    0.    0.    0.2   0.    0.    0.
    0. ]
 [  0.    0.    0.    0.    0.    0.    7.8   0.    0.    0.    0.    0.
    0. ]
 [  0.    0.    0.    0.    0.6   0.2   0.2  12.4   0.    0.    0.    0.
    0. ]
 [  0.    0.    0.    0.6   0.    0.2   0.    0.    3.8   0.    0.    0.
    0. ]
 [  0.    0.    0.    0.    0.    0.    0.    0.    0.    0.    0.    0.
    0. ]
 [  0.    0.    0.    0.    0.    0.    0.    0.    0.    0.    2.8   0.
    0. ]
 [  0.    0.    0.    0.    0.    0.    0.    0.    0.    0.    0.    2.2
    0. ]
 [  0.    0.    0.    0.    0.    0.    0.    0.    0.    0.    0.    0.
    0. ]]

===== Parameter Summary for This Run =====

--- PSL / Geometry Parameters ---
DATA_NAME            = GSE84133mouse2
PCA_N_COMPONENTS     = 50
UMAP_N_COMPONENTS    = 20
UMAP_METRIC          = euclidean
UMAP_MIN_DIST        = 0.4
NORMALIZE_METHOD     = max
N_FILTRATIONS        = 10
FILTRATION_PATTERN   = segments_linear
PSL_DIMS             = (0, 1)
RIPS_MAX_DIM         = 2
PSL_SIGMA            = None
SCALES (list)        = [5, 14, 25, 37, 50]
K_LIST               = [5, 10, 15, 20, 30, 40, 50, 60, 70, 80]
DIMS_USE             = (0, 1)
STATS_PER_DIM        = {0: [0, 1, 2, 3, 4], 1: [0, 1, 2, 3, 4]}
DIST_TAG             = chordal
ALPHA                = 0.01

--- Gradient Boosting (GBDT) Parameters ---
ccp_alpha            = 0.0
criterion            = friedman_mse
init                 = None
learning_rate        = 0.002
loss                 = log_loss
max_depth            = 7
max_features         = sqrt
max_leaf_nodes       = None
min_impurity_decrease = 0.0
min_samples_leaf     = 1
min_samples_split    = 5
min_weight_fraction_leaf = 0.0
n_estimators         = 2000
n_iter_no_change     = None
random_state         = 0
subsample            = 0.8
tol                  = 0.0001
validation_fraction  = 0.1
verbose              = 0
warm_start           = False
